Downloading Minecraft server
Installing Fabric Loader 0.19.5(26.2) on the server
Downloading required files
Downloading library org.ow2.asm:asm:9.10.1
Downloading library org.ow2.asm:asm-analysis:9.10.1
Downloading library org.ow2.asm:asm-commons:9.10.1
Downloading library org.ow2.asm:asm-tree:9.10.1
Downloading library org.ow2.asm:asm-util:9.10.1
Downloading library net.fabricmc:sponge-mixin:0.17.4+mixin.0.8.7
Downloading library net.fabricmc:fabric-loader:0.19.5
Generating server launch JAR
Unpacking 26.2/server-26.2.jar (versions:26.2) to versions/26.2/server-26.2.jar
Unpacking at/yawk/lz4/lz4-java/1.10.1/lz4-java-1.10.1.jar (libraries:at.yawk.lz4:lz4-java:1.10.1) to libraries/at/yawk/lz4/lz4-java/1.10.1/lz4-java-1.10.1.jar
Unpacking com/azure/azure-json/1.4.0/azure-json-1.4.0.jar (libraries:com.azure:azure-json:1.4.0) to libraries/com/azure/azure-json/1.4.0/azure-json-1.4.0.jar
Unpacking com/github/oshi/oshi-core/6.9.0/oshi-core-6.9.0.jar (libraries:com.github.oshi:oshi-core:6.9.0) to libraries/com/github/oshi/oshi-core/6.9.0/oshi-core-6.9.0.jar
Unpacking com/google/code/gson/gson/2.14.0/gson-2.14.0.jar (libraries:com.google.code.gson:gson:2.14.0) to libraries/com/google/code/gson/gson/2.14.0/gson-2.14.0.jar
Unpacking com/google/guava/failureaccess/1.0.3/failureaccess-1.0.3.jar (libraries:com.google.guava:failureaccess:1.0.3) to libraries/com/google/guava/failureaccess/1.0.3/failureaccess-1.0.3.jar
Unpacking com/google/guava/guava/33.6.0-jre/guava-33.6.0-jre.jar (libraries:com.google.guava:guava:33.6.0-jre) to libraries/com/google/guava/guava/33.6.0-jre/guava-33.6.0-jre.jar
Unpacking com/microsoft/azure/msal4j/1.24.1/msal4j-1.24.1.jar (libraries:com.microsoft.azure:msal4j:1.24.1) to libraries/com/microsoft/azure/msal4j/1.24.1/msal4j-1.24.1.jar
Unpacking com/mojang/authlib/9.0.75/authlib-9.0.75.jar (libraries:com.mojang:authlib:9.0.75) to libraries/com/mojang/authlib/9.0.75/authlib-9.0.75.jar
Unpacking com/mojang/brigadier/1.3.10/brigadier-1.3.10.jar (libraries:com.mojang:brigadier:1.3.10) to libraries/com/mojang/brigadier/1.3.10/brigadier-1.3.10.jar
Unpacking com/mojang/datafixerupper/10.0.21/datafixerupper-10.0.21.jar (libraries:com.mojang:datafixerupper:10.0.21) to libraries/com/mojang/datafixerupper/10.0.21/datafixerupper-10.0.21.jar
Unpacking com/mojang/jtracy/1.0.37/jtracy-1.0.37.jar (libraries:com.mojang:jtracy:1.0.37) to libraries/com/mojang/jtracy/1.0.37/jtracy-1.0.37.jar
Unpacking com/mojang/logging/1.7.12/logging-1.7.12.jar (libraries:com.mojang:logging:1.7.12) to libraries/com/mojang/logging/1.7.12/logging-1.7.12.jar
Unpacking commons-io/commons-io/2.20.0/commons-io-2.20.0.jar (libraries:commons-io:commons-io:2.20.0) to libraries/commons-io/commons-io/2.20.0/commons-io-2.20.0.jar
Unpacking io/netty/netty-buffer/4.2.15.Final/netty-buffer-4.2.15.Final.jar (libraries:io.netty:netty-buffer:4.2.15.Final) to libraries/io/netty/netty-buffer/4.2.15.Final/netty-buffer-4.2.15.Final.jar
Unpacking io/netty/netty-codec-base/4.2.15.Final/netty-codec-base-4.2.15.Final.jar (libraries:io.netty:netty-codec-base:4.2.15.Final) to libraries/io/netty/netty-codec-base/4.2.15.Final/netty-codec-base-4.2.15.Final.jar
Unpacking io/netty/netty-codec-compression/4.2.15.Final/netty-codec-compression-4.2.15.Final.jar (libraries:io.netty:netty-codec-compression:4.2.15.Final) to libraries/io/netty/netty-codec-compression/4.2.15.Final/netty-codec-compression-4.2.15.Final.jar
Unpacking io/netty/netty-codec-http/4.2.15.Final/netty-codec-http-4.2.15.Final.jar (libraries:io.netty:netty-codec-http:4.2.15.Final) to libraries/io/netty/netty-codec-http/4.2.15.Final/netty-codec-http-4.2.15.Final.jar
Unpacking io/netty/netty-common/4.2.15.Final/netty-common-4.2.15.Final.jar (libraries:io.netty:netty-common:4.2.15.Final) to libraries/io/netty/netty-common/4.2.15.Final/netty-common-4.2.15.Final.jar
Unpacking io/netty/netty-handler/4.2.15.Final/netty-handler-4.2.15.Final.jar (libraries:io.netty:netty-handler:4.2.15.Final) to libraries/io/netty/netty-handler/4.2.15.Final/netty-handler-4.2.15.Final.jar
Unpacking io/netty/netty-resolver/4.2.15.Final/netty-resolver-4.2.15.Final.jar (libraries:io.netty:netty-resolver:4.2.15.Final) to libraries/io/netty/netty-resolver/4.2.15.Final/netty-resolver-4.2.15.Final.jar
Unpacking io/netty/netty-transport/4.2.15.Final/netty-transport-4.2.15.Final.jar (libraries:io.netty:netty-transport:4.2.15.Final) to libraries/io/netty/netty-transport/4.2.15.Final/netty-transport-4.2.15.Final.jar
Unpacking io/netty/netty-transport-classes-epoll/4.2.15.Final/netty-transport-classes-epoll-4.2.15.Final.jar (libraries:io.netty:netty-transport-classes-epoll:4.2.15.Final) to libraries/io/netty/netty-transport-classes-epoll/4.2.15.Final/netty-transport-classes-epoll-4.2.15.Final.jar
Unpacking io/netty/netty-transport-classes-kqueue/4.2.15.Final/netty-transport-classes-kqueue-4.2.15.Final.jar (libraries:io.netty:netty-transport-classes-kqueue:4.2.15.Final) to libraries/io/netty/netty-transport-classes-kqueue/4.2.15.Final/netty-transport-classes-kqueue-4.2.15.Final.jar
Unpacking io/netty/netty-transport-native-epoll/4.2.15.Final/netty-transport-native-epoll-4.2.15.Final-linux-x86_64.jar (libraries:io.netty:netty-transport-native-epoll:4.2.15.Final:linux-x86_64) to libraries/io/netty/netty-transport-native-epoll/4.2.15.Final/netty-transport-native-epoll-4.2.15.Final-linux-x86_64.jar
Unpacking io/netty/netty-transport-native-epoll/4.2.15.Final/netty-transport-native-epoll-4.2.15.Final-linux-aarch_64.jar (libraries:io.netty:netty-transport-native-epoll:4.2.15.Final:linux-aarch_64) to libraries/io/netty/netty-transport-native-epoll/4.2.15.Final/netty-transport-native-epoll-4.2.15.Final-linux-aarch_64.jar
Unpacking io/netty/netty-transport-native-kqueue/4.2.15.Final/netty-transport-native-kqueue-4.2.15.Final-osx-x86_64.jar (libraries:io.netty:netty-transport-native-kqueue:4.2.15.Final:osx-x86_64) to libraries/io/netty/netty-transport-native-kqueue/4.2.15.Final/netty-transport-native-kqueue-4.2.15.Final-osx-x86_64.jar
Unpacking io/netty/netty-transport-native-kqueue/4.2.15.Final/netty-transport-native-kqueue-4.2.15.Final-osx-aarch_64.jar (libraries:io.netty:netty-transport-native-kqueue:4.2.15.Final:osx-aarch_64) to libraries/io/netty/netty-transport-native-kqueue/4.2.15.Final/netty-transport-native-kqueue-4.2.15.Final-osx-aarch_64.jar
Unpacking io/netty/netty-transport-native-unix-common/4.2.15.Final/netty-transport-native-unix-common-4.2.15.Final.jar (libraries:io.netty:netty-transport-native-unix-common:4.2.15.Final) to libraries/io/netty/netty-transport-native-unix-common/4.2.15.Final/netty-transport-native-unix-common-4.2.15.Final.jar
Unpacking it/unimi/dsi/fastutil/8.5.18/fastutil-8.5.18.jar (libraries:it.unimi.dsi:fastutil:8.5.18) to libraries/it/unimi/dsi/fastutil/8.5.18/fastutil-8.5.18.jar
Unpacking net/java/dev/jna/jna/5.17.0/jna-5.17.0.jar (libraries:net.java.dev.jna:jna:5.17.0) to libraries/net/java/dev/jna/jna/5.17.0/jna-5.17.0.jar
Unpacking net/java/dev/jna/jna-platform/5.17.0/jna-platform-5.17.0.jar (libraries:net.java.dev.jna:jna-platform:5.17.0) to libraries/net/java/dev/jna/jna-platform/5.17.0/jna-platform-5.17.0.jar
Unpacking net/sf/jopt-simple/jopt-simple/5.0.4/jopt-simple-5.0.4.jar (libraries:net.sf.jopt-simple:jopt-simple:5.0.4) to libraries/net/sf/jopt-simple/jopt-simple/5.0.4/jopt-simple-5.0.4.jar
Unpacking org/apache/commons/commons-lang3/3.20.0/commons-lang3-3.20.0.jar (libraries:org.apache.commons:commons-lang3:3.20.0) to libraries/org/apache/commons/commons-lang3/3.20.0/commons-lang3-3.20.0.jar
Unpacking org/apache/logging/log4j/log4j-api/2.26.0/log4j-api-2.26.0.jar (libraries:org.apache.logging.log4j:log4j-api:2.26.0) to libraries/org/apache/logging/log4j/log4j-api/2.26.0/log4j-api-2.26.0.jar
Unpacking org/apache/logging/log4j/log4j-core/2.26.0/log4j-core-2.26.0.jar (libraries:org.apache.logging.log4j:log4j-core:2.26.0) to libraries/org/apache/logging/log4j/log4j-core/2.26.0/log4j-core-2.26.0.jar
Unpacking org/apache/logging/log4j/log4j-slf4j2-impl/2.26.0/log4j-slf4j2-impl-2.26.0.jar (libraries:org.apache.logging.log4j:log4j-slf4j2-impl:2.26.0) to libraries/org/apache/logging/log4j/log4j-slf4j2-impl/2.26.0/log4j-slf4j2-impl-2.26.0.jar
Unpacking org/joml/joml/1.10.8/joml-1.10.8.jar (libraries:org.joml:joml:1.10.8) to libraries/org/joml/joml/1.10.8/joml-1.10.8.jar
Unpacking org/jspecify/jspecify/1.0.0/jspecify-1.0.0.jar (libraries:org.jspecify:jspecify:1.0.0) to libraries/org/jspecify/jspecify/1.0.0/jspecify-1.0.0.jar
Unpacking org/slf4j/slf4j-api/2.0.17/slf4j-api-2.0.17.jar (libraries:org.slf4j:slf4j-api:2.0.17) to libraries/org/slf4j/slf4j-api/2.0.17/slf4j-api-2.0.17.jar
Starting net.fabricmc.loader.impl.game.minecraft.BundlerClassPathCapture
[14:08:44] [main/INFO]: Loading Minecraft 26.2 with Fabric Loader 0.19.5
[14:08:44] [main/INFO]: Mappings not present!
[14:08:44] [main/INFO]: Loading 44 mods:
	- create 6.0.9-1
	- createdieselgenerators 1.3.15+26.2
	- fabric-api 0.161.0+26.2
	   |-- fabric-advancement-api-v1 1.0.0+58719a3b9e
	   |-- fabric-api-base 2.0.4+ece063239e
	   |-- fabric-api-lookup-api-v1 2.0.18+11e1c9a39e
	   |-- fabric-biome-api-v1 18.0.6+c7bd5b8e9e
	   |-- fabric-block-api-v1 3.1.0+53515aab9e
	   |-- fabric-block-getter-api-v2 2.0.7+ec56b6019e
	   |-- fabric-command-api-v2 3.1.0+00cb03469e
	   |-- fabric-content-registries-v0 11.3.2+37b1aa249e
	   |-- fabric-convention-tags-v2 4.7.1+1f023a9e9e
	   |-- fabric-crash-report-info-v1 1.0.5+086d547a9e
	   |-- fabric-creative-tab-api-v1 5.0.15+6468574f9e
	   |-- fabric-data-attachment-api-v1 2.2.19+515ac5339e
	   |-- fabric-data-generation-api-v1 25.6.0+c0da0b829e
	   |-- fabric-debug-api-v1 1.0.2+c792624d9e
	   |-- fabric-dimensions-v1 5.1.12+515ac5339e
	   |-- fabric-entity-events-v1 5.0.5+06488ac19e
	   |-- fabric-events-interaction-v0 5.2.8+515ac5339e
	   |-- fabric-game-rule-api-v1 4.0.8+46a6d00c9e
	   |-- fabric-item-api-v1 14.5.0+c68f6cbe9e
	   |-- fabric-lifecycle-events-v1 4.1.4+29b6eb019e
	   |-- fabric-loot-api-v3 3.0.17+06488ac19e
	   |-- fabric-menu-api-v1 2.0.17+086d547a9e
	   |-- fabric-message-api-v1 7.0.8+bb2ed3f79e
	   |-- fabric-networking-api-v1 6.3.4+2989c6a09e
	   |-- fabric-object-builder-api-v1 24.1.1+6fcd5f039e
	   |-- fabric-particles-v1 5.0.19+d1756aa99e
	   |-- fabric-permission-api-v1 1.0.5+e442d8d09e
	   |-- fabric-recipe-api-v1 9.0.22+11e1c9a39e
	   |-- fabric-registry-sync-v0 7.1.1+c7bd5b8e9e
	   |-- fabric-rendering-fluids-v1 6.0.4+06488ac19e
	   |-- fabric-resource-conditions-api-v1 6.1.0+10e9a28b9e
	   |-- fabric-resource-loader-v0 3.3.20+4fc5413f9e
	   |-- fabric-resource-loader-v1 2.0.13+9edec1269e
	   |-- fabric-serialization-api-v1 2.0.4+11a26f319e
	   |-- fabric-tag-api-v1 2.1.4+515ac5339e
	   |-- fabric-transfer-api-v1 8.0.13+11dbb7d79e
	   \-- fabric-transitive-access-wideners-v1 8.1.4+67c847259e
	- fabricloader 0.19.5
	   \-- mixinextras 0.5.5
	- java 25
	- minecraft 26.2
[14:08:44] [main/INFO]: SpongePowered MIXIN Subsystem Version=0.8.7 Source=file:/home/runner/work/Create-Diesel-Generators/Create-Diesel-Generators/server/libraries/net/fabricmc/sponge-mixin/0.17.4+mixin.0.8.7/sponge-mixin-0.17.4+mixin.0.8.7.jar Service=Knot/Fabric Env=SERVER
[14:08:45] [main/INFO]: Initializing MixinExtras via com.llamalad7.mixinextras.service.MixinExtrasServiceImpl(version=0.5.5).
WARNING: A terminally deprecated method in sun.misc.Unsafe has been called
WARNING: sun.misc.Unsafe::objectFieldOffset has been called by org.joml.MemUtil$MemUtilUnsafe (file:/home/runner/work/Create-Diesel-Generators/Create-Diesel-Generators/server/libraries/org/joml/joml/1.10.8/joml-1.10.8.jar)
WARNING: Please consider reporting this to the maintainers of class org.joml.MemUtil$MemUtilUnsafe
WARNING: sun.misc.Unsafe::objectFieldOffset will be removed in a future release
[14:08:54] [main/INFO]: [STDERR]: Failed to read config file: /home/runner/work/Create-Diesel-Generators/Create-Diesel-Generators/server/./config/create/server.json
[14:08:54] [main/INFO]: [STDERR]: java.nio.file.NoSuchFileException: ./config/create/server.json
[14:08:54] [main/INFO]: [STDERR]: 	at java.base/sun.nio.fs.UnixException.translateToIOException(UnixException.java:92)
[14:08:54] [main/INFO]: [STDERR]: 	at java.base/sun.nio.fs.UnixException.rethrowAsIOException(UnixException.java:106)
[14:08:54] [main/INFO]: [STDERR]: 	at java.base/sun.nio.fs.UnixException.rethrowAsIOException(UnixException.java:111)
[14:08:54] [main/INFO]: [STDERR]: 	at java.base/sun.nio.fs.UnixFileSystemProvider.newFileChannel(UnixFileSystemProvider.java:213)
[14:08:54] [main/INFO]: [STDERR]: 	at java.base/sun.nio.fs.UnixFileSystemProvider.newByteChannel(UnixFileSystemProvider.java:244)
[14:08:54] [main/INFO]: [STDERR]: 	at java.base/java.nio.file.Files.newByteChannel(Files.java:357)
[14:08:54] [main/INFO]: [STDERR]: 	at java.base/java.nio.file.Files.newByteChannel(Files.java:399)
[14:08:54] [main/INFO]: [STDERR]: 	at java.base/java.nio.file.spi.FileSystemProvider.newInputStream(FileSystemProvider.java:371)
[14:08:54] [main/INFO]: [STDERR]: 	at java.base/java.nio.file.Files.newInputStream(Files.java:154)
[14:08:54] [main/INFO]: [STDERR]: 	at knot//org.apache.commons.io.FileUtils.lambda$readFileToString$14(FileUtils.java:2768)
[14:08:54] [main/INFO]: [STDERR]: 	at knot//org.apache.commons.io.IOUtils.toString(IOUtils.java:3204)
[14:08:54] [main/INFO]: [STDERR]: 	at knot//org.apache.commons.io.IOUtils.toString(IOUtils.java:3179)
[14:08:54] [main/INFO]: [STDERR]: 	at knot//org.apache.commons.io.FileUtils.readFileToString(FileUtils.java:2768)
[14:08:54] [main/INFO]: [STDERR]: 	at knot//com.zurrtum.create.catnip.config.Builder.read(Builder.java:136)
[14:08:54] [main/INFO]: [STDERR]: 	at knot//com.zurrtum.create.catnip.config.Builder.<init>(Builder.java:36)
[14:08:54] [main/INFO]: [STDERR]: 	at knot//com.zurrtum.create.catnip.config.Builder.create(Builder.java:49)
[14:08:54] [main/INFO]: [STDERR]: 	at knot//com.zurrtum.create.catnip.config.Builder.create(Builder.java:44)
[14:08:54] [main/INFO]: [STDERR]: 	at knot//com.zurrtum.create.infrastructure.config.AllConfigs.register(AllConfigs.java:28)
[14:08:54] [main/INFO]: [STDERR]: 	at knot//com.zurrtum.create.Create.onInitialize(Create.java:62)
[14:08:54] [main/INFO]: [STDERR]: 	at net.fabricmc.loader.impl.FabricLoaderImpl.invokeEntrypoints(FabricLoaderImpl.java:409)
[14:08:54] [main/INFO]: [STDERR]: 	at net.fabricmc.loader.impl.game.minecraft.Hooks.startServer(Hooks.java:63)
[14:08:54] [main/INFO]: [STDERR]: 	at knot//net.minecraft.server.Main.main(Main.java:114)
[14:08:54] [main/INFO]: [STDERR]: 	at net.fabricmc.loader.impl.game.minecraft.MinecraftGameProvider.launch(MinecraftGameProvider.java:517)
[14:08:54] [main/INFO]: [STDERR]: 	at net.fabricmc.loader.impl.launch.knot.Knot.launch(Knot.java:72)
[14:08:54] [main/INFO]: [STDERR]: 	at net.fabricmc.loader.impl.launch.knot.KnotServer.main(KnotServer.java:23)
[14:08:54] [main/INFO]: [STDERR]: 	at net.fabricmc.loader.impl.launch.server.FabricServerLauncher.main(FabricServerLauncher.java:69)
[14:08:54] [main/INFO]: [STDERR]: 	at net.fabricmc.installer.ServerLauncher.main(ServerLauncher.java:69)
[14:08:54] [main/INFO]: Environment: Environment[sessionHost=https://sessionserver.mojang.com, servicesHost=https://api.minecraftservices.com, profilesHost=https://api.mojang.com, name=PROD]
[14:08:55] [Worker-Main-1/INFO]: No existing world data, creating new world
[14:08:56] [main/INFO]: Loaded 3606 recipes
[14:08:56] [main/INFO]: Loaded 2838 advancements
[14:08:57] [main/INFO]: Applied 0 biome modifications to 0 of 66 new biomes in 1.784 ms
[14:08:57] [Server thread/INFO]: Starting minecraft server version 26.2
[14:08:57] [Server thread/INFO]: Loading properties
[14:08:57] [Server thread/INFO]: Default game type: CREATIVE
[14:08:57] [Server thread/INFO]: Generating keypair
[14:08:57] [Server thread/INFO]: Starting Minecraft server on *:25565
[14:08:57] [Server thread/WARN]: **** SERVER IS RUNNING IN OFFLINE/INSECURE MODE!
[14:08:57] [Server thread/WARN]: The server will make no attempt to authenticate usernames. Beware.
[14:08:57] [Server thread/WARN]: While this makes the game possible to play without internet access, it also opens up the ability for hackers to connect with any username they choose.
[14:08:57] [Server thread/WARN]: To change this, set "online-mode" to "true" in the server.properties file.
[14:08:57] [Server thread/INFO]: Preparing level "world"
[14:08:57] [Server thread/INFO]: Selecting global world spawn...
[14:09:02] [Server thread/INFO]: Loading 0 persistent chunks...
[14:09:02] [Server thread/INFO]: Preparing spawn area: 100%
[14:09:02] [Server thread/INFO]: Time elapsed: 5199 ms
[14:09:02] [Server thread/INFO]: Done (5.511s)! For help, type "help"
[14:09:02] [Server thread/INFO]: Saving chunks for level 'ServerLevel[world]'/minecraft:overworld
[14:09:02] [Server thread/INFO]: Saving chunks for level 'ServerLevel[world]'/minecraft:the_end
[14:09:02] [Server thread/INFO]: Saving chunks for level 'ServerLevel[world]'/minecraft:the_nether
[14:09:02] [Server thread/INFO]: ThreadedAnvilChunkStorage (world): All chunks are saved
[14:09:02] [Server thread/INFO]: ThreadedAnvilChunkStorage (DIM1): All chunks are saved
[14:09:02] [Server thread/INFO]: ThreadedAnvilChunkStorage (DIM-1): All chunks are saved
[14:09:02] [Server thread/INFO]: ThreadedAnvilChunkStorage: All dimensions are saved
[14:09:06] [Server thread/INFO]: Gamerule respawn_radius is now set to: 0
[14:09:06] [Server thread/INFO]: Gamerule advance_time is now set to: false
[14:09:07] [Server thread/INFO]: Gamerule spawn_mobs is now set to: false
[14:09:07] [Server thread/INFO]: Set minecraft:overworld to time marker minecraft:noon
[14:09:12] [Server thread/INFO]: Marked 24 chunks in minecraft:overworld from [-1, -1] to [6, 1] to be force loaded
[14:09:12] [Server thread/INFO]: Successfully filled 4181 block(s)
[14:09:12] [Server thread/INFO]: Set the world spawn point to 5, 200, -7 [0.0, 0.0] in minecraft:overworld
[14:09:12] [Server thread/INFO]: Changed the block at -10, 200, 0
[14:09:12] [Server thread/INFO]: Changed the block at -8, 200, 0
[14:09:12] [Server thread/INFO]: Unknown block type 'createdieselgenerators:andesite_girder_strut'
[14:09:12] [Server thread/INFO]: ... -6 200 0 createdieselgenerators:andesite_girder_strut<--[HERE]
[14:09:12] [Server thread/INFO]: Changed the block at -4, 200, 0
[14:09:12] [Server thread/INFO]: Changed the block at -2, 200, 0
[14:09:12] [Server thread/INFO]: Changed the block at 0, 200, 0
[14:09:12] [Server thread/INFO]: Changed the block at 2, 200, 0
[14:09:12] [Server thread/INFO]: Changed the block at 4, 200, 0
[14:09:12] [Server thread/INFO]: Changed the block at 6, 200, 0
[14:09:12] [Server thread/INFO]: Changed the block at 8, 200, 0
[14:09:12] [Server thread/INFO]: Changed the block at 10, 200, 0
[14:09:12] [Server thread/INFO]: Changed the block at 12, 200, 0
[14:09:12] [Server thread/INFO]: Changed the block at 14, 200, 0
[14:09:12] [Server thread/INFO]: Changed the block at 16, 200, 0
[14:09:12] [Server thread/WARN]: Can't keep up! Is the server overloaded? Running 4914ms or 98 ticks behind
[14:09:12] [Server thread/INFO]: Changed the block at 18, 200, 0
[14:09:13] [Server thread/INFO]: Changed the block at 20, 200, 0
[14:09:13] [Server thread/INFO]: Changed the block at 22, 200, 0
[14:09:13] [Server thread/INFO]: Changed the block at 24, 200, 0
[14:09:14] [Server thread/INFO]: Changed the block at 26, 200, 0
[14:09:14] [Server thread/INFO]: Changed the block at 28, 200, 0
[14:09:14] [Server thread/INFO]: Changed the block at 30, 200, 0
[14:09:15] [Server thread/INFO]: Changed the block at 32, 200, 0
[14:09:15] [Server thread/INFO]: Changed the block at 34, 200, 0
[14:09:15] [Server thread/INFO]: Changed the block at 36, 200, 0
[14:09:15] [Server thread/INFO]: Changed the block at 38, 200, 0
[14:09:16] [Server thread/INFO]: Changed the block at 40, 200, 0
[14:09:16] [Server thread/INFO]: Changed the block at 42, 200, 0
[14:09:16] [Server thread/INFO]: Changed the block at 44, 200, 0
[14:09:17] [Server thread/INFO]: Changed the block at 46, 200, 0
[14:09:17] [Server thread/INFO]: Changed the block at 48, 200, 0
[14:09:17] [Server thread/INFO]: Changed the block at -10, 200, -3
[14:09:18] [Server thread/INFO]: Changed the block at -8, 200, -3
[14:09:18] [Server thread/INFO]: Changed the block at -6, 200, -3
[14:09:18] [Server thread/INFO]: Changed the block at -4, 200, -3
[14:09:18] [Server thread/INFO]: Changed the block at -2, 200, -3
[14:09:19] [Server thread/INFO]: Changed the block at 0, 200, -3
[14:09:19] [Server thread/INFO]: Changed the block at 2, 200, -3
[14:09:19] [Server thread/INFO]: Changed the block at 4, 200, -3
[14:09:20] [Server thread/INFO]: Changed the block at 6, 200, -3
[14:09:20] [Server thread/INFO]: Changed the block at 8, 200, -3
[14:09:20] [Server thread/INFO]: Changed the block at 10, 200, -3
[14:09:21] [Server thread/INFO]: Changed the block at 12, 200, -3
[14:09:21] [Server thread/INFO]: Changed the block at 14, 200, -3
[14:09:21] [Server thread/INFO]: Successfully filled 9 block(s)
[14:09:21] [Server thread/INFO]: Changed the block at 0, 200, -8
[14:09:22] [Server thread/INFO]: Successfully filled 9 block(s)
[14:09:22] [Server thread/INFO]: Changed the block at 4, 200, -8
[14:09:22] [Server thread/INFO]: Successfully filled 9 block(s)
[14:09:23] [Server thread/INFO]: Changed the block at 8, 200, -8
[14:09:23] [Server thread/INFO]: Successfully filled 9 block(s)
[14:09:23] [Server thread/INFO]: Changed the block at 12, 200, -8
[14:09:24] [Server thread/INFO]: Successfully filled 9 block(s)
[14:09:24] [Server thread/INFO]: Changed the block at 16, 200, -8
[14:09:24] [Server thread/INFO]: Successfully filled 9 block(s)
[14:09:24] [Server thread/INFO]: Changed the block at 20, 200, -8
[14:09:25] [Server thread/INFO]: Successfully filled 9 block(s)
[14:09:25] [Server thread/INFO]: Changed the block at 24, 200, -8
[14:09:25] [Server thread/INFO]: Successfully filled 9 block(s)
[14:09:26] [Server thread/INFO]: Changed the block at 28, 200, -8
[14:09:26] [Server thread/INFO]: Changed the block at 1, 201, 12
[14:09:26] [Server thread/INFO]: Changed the block at 2, 201, 12
[14:09:27] [Server thread/INFO]: Changed the block at 3, 201, 12
[14:09:27] [Server thread/INFO]: Changed the block at 3, 201, 13
[14:09:27] [Server thread/INFO]: Changed the block at 4, 201, 11
[14:09:27] [Server thread/INFO]: Changed the block at 4, 201, 12
[14:09:28] [Server thread/INFO]: Changed the block at 4, 201, 13
[14:09:28] [Server thread/INFO]: Changed the block at 5, 201, 13
[14:09:28] [Server thread/INFO]: Changed the block at 1, 202, 10
[14:09:29] [Server thread/INFO]: Changed the block at 1, 202, 11
[14:09:29] [Server thread/INFO]: Changed the block at 1, 202, 12
[14:09:29] [Server thread/INFO]: Changed the block at 1, 202, 13
[14:09:30] [Server thread/INFO]: Changed the block at 1, 202, 14
[14:09:30] [Server thread/INFO]: Modified block data of 4, 201, 11
[14:09:30] [Server thread/INFO]: Changed the block at 9, 201, 11
[14:09:31] [Server thread/INFO]: Changed the block at 9, 201, 12
[14:09:31] [Server thread/INFO]: Changed the block at 9, 201, 13
[14:09:31] [Server thread/INFO]: Changed the block at 10, 201, 11
[14:09:31] [Server thread/INFO]: Changed the block at 10, 201, 12
[14:09:32] [Server thread/INFO]: Changed the block at 10, 201, 13
[14:09:32] [Server thread/INFO]: Changed the block at 11, 201, 12
[14:09:32] [Server thread/INFO]: Changed the block at 11, 201, 13
[14:09:33] [Server thread/INFO]: Changed the block at 12, 201, 12
[14:09:33] [Server thread/INFO]: Changed the block at 12, 201, 13
[14:09:33] [Server thread/INFO]: Changed the block at 13, 201, 12
[14:09:34] [Server thread/INFO]: Changed the block at 9, 202, 11
[14:09:34] [Server thread/INFO]: Changed the block at 10, 202, 11
[14:09:34] [Server thread/INFO]: Modified block data of 12, 201, 13
[14:09:34] [Server thread/INFO]: Changed the block at 16, 201, 10
[14:09:35] [Server thread/INFO]: Changed the block at 16, 201, 12
[14:09:35] [Server thread/INFO]: Changed the block at 16, 201, 14
[14:09:35] [Server thread/INFO]: Changed the block at 17, 201, 10
[14:09:36] [Server thread/INFO]: Changed the block at 17, 201, 12
[14:09:36] [Server thread/INFO]: Changed the block at 17, 201, 14
[14:09:36] [Server thread/INFO]: Changed the block at 18, 201, 10
[14:09:37] [Server thread/INFO]: Changed the block at 18, 201, 12
[14:09:37] [Server thread/INFO]: Changed the block at 18, 201, 14
[14:09:37] [Server thread/INFO]: Changed the block at 16, 202, 10
[14:09:37] [Server thread/INFO]: Changed the block at 16, 202, 14
[14:09:38] [Server thread/INFO]: Changed the block at 17, 202, 10
[14:09:38] [Server thread/INFO]: Changed the block at 17, 202, 14
[14:09:38] [Server thread/INFO]: Changed the block at 18, 202, 10
[14:09:39] [Server thread/INFO]: Changed the block at 18, 202, 11
[14:09:39] [Server thread/INFO]: Changed the block at 18, 202, 12
[14:09:39] [Server thread/INFO]: Changed the block at 18, 202, 13
[14:09:40] [Server thread/INFO]: Changed the block at 18, 202, 14
[14:09:40] [Server thread/INFO]: Changed the block at 19, 202, 13
[14:09:40] [Server thread/INFO]: Changed the block at 20, 202, 13
[14:09:40] [Server thread/INFO]: Changed the block at 19, 203, 13
[14:09:41] [Server thread/INFO]: Changed the block at 20, 203, 13
[14:09:41] [Server thread/INFO]: Modified block data of 20, 202, 13
[14:09:41] [Server thread/INFO]: Changed the block at 27, 205, 12
[14:09:42] [Server thread/INFO]: Changed the block at 28, 205, 9
[14:09:42] [Server thread/INFO]: Changed the block at 28, 205, 12
[14:09:42] [Server thread/INFO]: Changed the block at 27, 202, 12
[14:09:43] [Server thread/INFO]: Changed the block at 29, 202, 12
[14:09:43] [Server thread/INFO]: Changed the block at 27, 203, 12
[14:09:43] [Server thread/INFO]: Changed the block at 29, 203, 12
[14:09:43] [Server thread/INFO]: Changed the block at 27, 204, 12
[14:09:44] [Server thread/INFO]: Changed the block at 29, 204, 12
[14:09:44] [Server thread/INFO]: Changed the block at 28, 205, 8
[14:09:44] [Server thread/INFO]: Changed the block at 28, 205, 10
[14:09:45] [Server thread/INFO]: Changed the block at 28, 205, 11
[14:09:45] [Server thread/INFO]: Changed the block at 28, 205, 13
[14:09:45] [Server thread/INFO]: Changed the block at 28, 205, 14
[14:09:46] [Server thread/INFO]: Changed the block at 28, 205, 15
[14:09:46] [Server thread/INFO]: Changed the block at 28, 202, 8
[14:09:46] [Server thread/INFO]: Changed the block at 28, 202, 9
[14:09:46] [Server thread/INFO]: Changed the block at 28, 202, 16
[14:09:47] [Server thread/INFO]: Changed the block at 28, 202, 17
[14:09:47] [Server thread/INFO]: Changed the block at 28, 205, 16
[14:09:47] [Server thread/INFO]: Changed the block at 29, 205, 12
[14:09:48] [Server thread/INFO]: Changed the block at 28, 201, 8
[14:09:48] [Server thread/INFO]: Changed the block at 28, 202, 10
[14:09:48] [Server thread/INFO]: Changed the block at 29, 202, 10
[14:09:49] [Server thread/INFO]: Changed the block at 29, 202, 11
[14:09:49] [Server thread/INFO]: Changed the block at 28, 202, 11
[14:09:49] [Server thread/INFO]: Summoned new Super Glue
[14:09:50] [Server thread/INFO]: This chunk is now infinite
[14:09:50] [Server thread/INFO]: Changed the block at 31, 203, 12
[14:09:50] [Server thread/INFO]: Changed the block at 38, 200, 10
[14:09:50] [Server thread/INFO]: Successfully filled 3 block(s)
[14:09:51] [Server thread/INFO]: Changed the block at 42, 200, 10
[14:09:51] [Server thread/INFO]: Changed the block at 42, 201, 10
[14:09:51] [Server thread/INFO]: Changed the block at 42, 202, 10
[14:09:52] [Server thread/INFO]: Changed the block at 42, 203, 10
[14:09:52] [Server thread/INFO]: Changed the block at 44, 201, 10
[14:09:52] [Server thread/INFO]: Modified block data of 44, 201, 10
[14:09:53] [Server thread/INFO]: Changed the block at 43, 201, 10
[14:09:53] [Server thread/INFO]: Changed the block at 43, 201, 11
[14:09:53] [Server thread/INFO]: Changed the block at 44, 201, 11
[14:09:53] [Server thread/INFO]: Successfully filled 8 block(s)
[14:09:54] [Server thread/INFO]: Changed the block at 48, 202, 10
[14:09:54] [Server thread/INFO]: Changed the block at 54, 200, 10
[14:09:54] [Server thread/INFO]: Summoned new Sugar
[14:09:55] [Server thread/INFO]: Summoned new Bone Meal
[14:09:55] [Server thread/INFO]: Changed the block at 58, 200, 10
[14:09:55] [Server thread/INFO]: Changed the block at 58, 202, 10
[14:09:56] [Server thread/INFO]: Changed the block at 59, 202, 10
[14:09:56] [Server thread/INFO]: Summoned new Wheat Seeds
[14:09:56] [Server thread/INFO]: RecipeTrie of depth 3 with 121 nodes built with 138 variants, 120 ingredients, and 125 recipes
[14:09:56] [Server thread/INFO]: Changed the block at 62, 200, 10
[14:09:56] [Server thread/INFO]: Changed the block at 62, 202, 10
[14:09:57] [Server thread/INFO]: Modified block data of 62, 202, 10
[14:09:57] [Server thread/INFO]: Changed the block at 66, 200, 10
[14:09:57] [Server thread/INFO]: Changed the block at 66, 202, 10
[14:09:58] [Server thread/INFO]: Changed the block at 67, 202, 10
[14:09:58] [Server thread/INFO]: Summoned new Bowl Mold
[14:09:58] [Server thread/INFO]: Summoned new Wood Chip
[14:09:59] [Server thread/INFO]: Changed the block at 70, 200, 10
[14:09:59] [Server thread/INFO]: Summoned new Bar Mold
[14:09:59] [Server thread/INFO]: Changed the block at 70, 202, 10
[14:09:59] [Server thread/INFO]: Successfully filled 8 block(s)
[14:10:00] [Server thread/INFO]: Changed the block at 78, 200, 10
[14:10:00] [Server thread/INFO]: Modified block data of 78, 200, 10
[14:10:00] [Server thread/INFO]: Changed the block at 77, 200, 10
[14:10:01] [Server thread/INFO]: Changed the block at 77, 200, 11
[14:10:01] [Server thread/INFO]: Changed the block at 78, 200, 11
[14:10:01] [Server thread/INFO]: Changed the block at 82, 200, 10
[14:10:02] [Server thread/INFO]: Modified block data of 82, 200, 10
[14:10:02] [Server thread/INFO]: Changed the block at 82, 201, 10
[14:10:02] [Server thread/INFO]: Changed the block at 82, 202, 10
[14:10:02] [Server thread/INFO]: Changed the block at 83, 200, 10
[14:10:03] [Server thread/INFO]: Changed the block at 83, 201, 10
[14:10:03] [Server thread/INFO]: Changed the block at 83, 202, 10
[14:10:03] [Server thread/INFO]: Changed the block at 88, 200, 10
[14:10:04] [Server thread/INFO]: Changed the block at 90, 200, 10
[14:10:04] [Server thread/INFO]: Modified block data of 90, 200, 10
[14:10:04] [Server thread/INFO]: Changed the block at 89, 200, 10
[14:10:05] [Server thread/INFO]: Changed the block at 89, 200, 11
[14:10:05] [Server thread/INFO]: Changed the block at 90, 200, 11
[14:10:05] [Server thread/INFO]: Changed the block at 88, 201, 10
[14:10:06] [Server thread/INFO]: [Not Secure] [Server] CHECK natural oil
[14:10:06] [Server thread/INFO]: There is 4,039,655mB of Oil in this Chunk.
[14:10:06] [Server thread/INFO]: There is oil in chunk 0 -4 with 6,986,739mB of oil.
[14:10:06] [Server thread/INFO]: The game is sprinting
[14:10:06] [Server thread/INFO]: Sprint completed with 2448 ticks per second, or 0.41 ms per tick
[14:10:07] [Server thread/INFO]: Changed the block at 54, 201, 10
[14:10:07] [Server thread/INFO]: RecipeTrie of depth 3 with 15 nodes built with 14 variants, 14 ingredients, and 6 recipes
[14:10:07] [Server thread/INFO]: Modified block data of 70, 202, 10
[14:10:07] [Server thread/INFO]: Summoned new Sugar
[14:10:08] [Server thread/INFO]: Summoned new Bone Meal
[14:10:08] [Server thread/INFO]: Changed the block at 81, 202, 10
[14:10:08] [Server thread/INFO]: The game is sprinting
[14:10:08] [Server thread/INFO]: Sprint completed with 982 ticks per second, or 1.02 ms per tick
[14:10:09] [Server thread/INFO]: [Not Secure] [Server] CHECK projectiles
[14:10:09] [Server thread/INFO]: Test passed. Count: 25
[14:10:09] [Server thread/INFO]: Changed the block at 81, 202, 10
[14:10:09] [Server thread/INFO]: The game is sprinting
[14:10:10] [Server thread/INFO]: [Not Secure] [Server] CHECK S1 engine
[14:10:10] [Server thread/INFO]: Sprint completed with 4233 ticks per second, or 0.24 ms per tick
[14:10:10] [Server thread/INFO]: 1, 202, 12 has the following block data: {Speed: -96.0f, components: {}, Tanks: [{Speed: 0.25f, Target: 0.999f, Value: 1.0f, TankContent: {amount: 80919, components: {"create:fluid_max_capacity": 81000}, id: "createdieselgenerators:diesel"}}], Network: {Capacity: 6144.0f, Size: 5, AddedCapacity: 64.0f, Id: 274877956298L, Stress: 0.0f}, x: 1, AnalogSignal: 0, y: 202, ScrollValue: 0, z: 12, id: "createdieselgenerators:diesel_engine_tile_entity", Upgrade: "createdieselgenerators:none"}
[14:10:10] [Server thread/INFO]: [Not Secure] [Server] CHECK S2 engine
[14:10:11] [Server thread/INFO]: 9, 201, 11 has the following block data: {Speed: 96.0f, components: {}, Network: {Capacity: 18432.0f, Size: 3, AddedCapacity: 192.0f, Id: 2473901207753L, Stress: 0.0f}, x: 9, AnalogSignal: 0, y: 201, ScrollValue: 0, Height: 3, z: 11, id: "createdieselgenerators:large_diesel_engine_tile_entity", TankContent: {Fluid: {amount: 81000, components: {"create:fluid_max_capacity": 81000}, id: "createdieselgenerators:gasoline"}}, Upgrade: "createdieselgenerators:none"}
[14:10:11] [Server thread/INFO]: [Not Secure] [Server] CHECK S2 engine b
[14:10:11] [Server thread/INFO]: 9, 201, 12 has the following block data: {Speed: 96.0f, components: {}, Network: {Capacity: 18432.0f, Size: 3, Id: 2473901207753L, Stress: 0.0f}, x: 9, y: 201, ScrollValue: 0, z: 12, id: "createdieselgenerators:large_diesel_engine_tile_entity", Controller: [I; 9, 201, 11], Source: [I; 9, 201, 11]}
[14:10:12] [Server thread/INFO]: [Not Secure] [Server] CHECK S3 engine
[14:10:12] [Server thread/INFO]: 16, 201, 10 has the following block data: {components: {}, Tanks: [{Speed: 0.25f, Target: 1.0f, Value: 1.0f, TankContent: {amount: 8100, components: {"create:fluid_max_capacity": 8100}, id: "createdieselgenerators:biodiesel"}}], OverStressed: 0b, x: 16, AnalogSignal: 0, y: 201, ScrollValue: 0, z: 10, id: "createdieselgenerators:huge_diesel_engine_block_entity", Upgrade: "createdieselgenerators:none"}
[14:10:12] [Server thread/INFO]: [Not Secure] [Server] CHECK S3 shaft
[14:10:12] [Server thread/INFO]: 16, 201, 12 has the following block data: {Speed: 224.0f, components: {}, LastKnownPos: [I; 16, 201, 12], GeneratedSpeed: 224.0f, Network: {Capacity: 73728.0f, Size: 3, AddedCapacity: 109.71429f, Id: 4947802374345L, Stress: 0.0f}, x: 16, y: 201, z: 12, id: "createdieselgenerators:powered_engine_shaft_block_entity", Direction: 1, Source: [I; 17, 201, 12], Engines: [{Speed: 224.0f, Capacity: 54.857143f, Pos: [I; 16, 201, 14]}, {Speed: 224.0f, Capacity: 54.857143f, Pos: [I; 16, 201, 10]}]}
[14:10:13] [Server thread/INFO]: [Not Secure] [Server] CHECK S4 hole
[14:10:13] [Server thread/INFO]: 28, 202, 8 has the following block data: {Started: 0b, components: {}, OilAmount: 0, Tanks: [{Speed: 0.25f, Target: 0.0f, Value: 0.0f, TankContent: {}}], x: 28, y: 202, z: 8, id: "createdieselgenerators:pumpjack_hole_block_entity"}
[14:10:13] [Server thread/INFO]: [Not Secure] [Server] CHECK S4 crank
[14:10:14] [Server thread/INFO]: 28, 202, 16 has the following block data: {Speed: -16.0f, components: {}, BackPosX: 0.0d, Source: [I; 28, 202, 17], BackPosZ: 0.0d, BackPosY: -100.0d, Angle: 310.4006f, Network: {Capacity: 262144.0f, Size: 2, AddedStress: 16.0f, Id: 7696581464266L, Stress: 256.0f}, x: 28, y: 202, ScrollValue: 0, z: 16, id: "createdieselgenerators:pumpjack_crank_block_entity"}
[14:10:14] [Server thread/INFO]: [Not Secure] [Server] CHECK S5b tank 1
[14:10:14] [Server thread/INFO]: 42, 201, 10 has the following block data: {Window: 0b, Progress: 55, components: {}, Size: 1, ProcessingDuration: 60, Luminosity: 0, LastKnownPos: [I; 42, 201, 10], x: 42, y: 201, Height: 1, z: 10, id: "createdieselgenerators:distillation_tank_block_entity", TankContent: {Fluid: {amount: 643788, components: {"create:fluid_max_capacity": 648000}, id: "createdieselgenerators:crude_oil"}}}
[14:10:15] [Server thread/INFO]: [Not Secure] [Server] CHECK S5b tank 2
[14:10:15] [Server thread/INFO]: 42, 202, 10 has the following block data: {Window: 0b, Progress: -1, components: {}, Size: 1, ProcessingDuration: 0, Luminosity: 0, LastKnownPos: [I; 42, 202, 10], x: 42, y: 202, Height: 1, z: 10, id: "createdieselgenerators:distillation_tank_block_entity", TankContent: {Fluid: {amount: 109350, components: {"create:fluid_max_capacity": 648000}, id: "createdieselgenerators:diesel"}}}
[14:10:15] [Server thread/INFO]: [Not Secure] [Server] CHECK S5b tank 3
[14:10:15] [Server thread/INFO]: 42, 203, 10 has the following block data: {Window: 0b, Progress: -1, components: {}, Size: 1, ProcessingDuration: 0, Luminosity: 0, LastKnownPos: [I; 42, 203, 10], x: 42, y: 203, Height: 1, z: 10, id: "createdieselgenerators:distillation_tank_block_entity", TankContent: {Fluid: {amount: 109350, components: {"create:fluid_max_capacity": 648000}, id: "createdieselgenerators:gasoline"}}}
[14:10:16] [Server thread/INFO]: [Not Secure] [Server] CHECK S6 fermenter
[14:10:16] [Server thread/INFO]: 48, 200, 10 has the following block data: {components: {}, Size: 2, ProcessingDuration: 400, Heat: 0, LastKnownPos: [I; 48, 200, 10], ProcessingTime: -1, x: 48, y: 200, Height: 2, z: 10, id: "createdieselgenerators:bulk_fermenter", TankContent: {Tanks: [{Fluid: {amount: 518400, components: {"create:fluid_max_capacity": 648000}, id: "createdieselgenerators:ethanol"}}, {}, {}, {}, {}, {}]}, Inventory: []}
[14:10:16] [Server thread/INFO]: [Not Secure] [Server] CHECK S7 basin
[14:10:17] [Server thread/INFO]: 54, 200, 10 has the following block data: {components: {}, FilterAmount: 64, InputTanks: [{Speed: 0.25f, Target: 0.0f, Value: 0.0f, TankContent: {}}, {Speed: 0.25f, Target: 0.0f, Value: 0.0f, TankContent: {}}], OutputTanks: [{Speed: 0.25f, Target: 0.6f, Value: 0.6f, TankContent: {amount: 48600, components: {"create:fluid_max_capacity": 81000}, id: "createdieselgenerators:ethanol"}}, {Speed: 0.25f, Target: 0.0f, Value: 0.0f, TankContent: {}}], Overflow: [], Filter: {}, DisabledSpoutput: [], x: 54, y: 200, z: 10, id: "create:basin", UpTo: 1b, Inventory: {Input: [{count: 1, id: "minecraft:sugar"}, {count: 1, id: "minecraft:bone_meal"}], Output: []}, FluidOverflow: []}
[14:10:17] [Server thread/INFO]: [Not Secure] [Server] CHECK S7 lid
[14:10:17] [Server thread/INFO]: 54, 201, 10 has the following block data: {Speed: 0.0f, components: {}, ProcessingTime: 203, ProcessingDuration: 400, SteamInside: 1b, Running: 1b, x: 54, NeedsUpdate: 0b, y: 201, z: 10, id: "createdieselgenerators:basin_lid_tile_entity"}
[14:10:18] [Server thread/INFO]: [Not Secure] [Server] CHECK S8 basin
[14:10:18] [Server thread/INFO]: 58, 200, 10 has the following block data: {components: {}, FilterAmount: 64, InputTanks: [{Speed: 0.25f, Target: 0.0f, Value: 0.0f, TankContent: {}}, {Speed: 0.25f, Target: 0.0f, Value: 0.0f, TankContent: {}}], OutputTanks: [{Speed: 0.25f, Target: 1.0f, Value: 1.0f, TankContent: {amount: 81000, components: {"create:fluid_max_capacity": 81000}, id: "createdieselgenerators:plant_oil"}}, {Speed: 0.25f, Target: 0.0f, Value: 0.0f, TankContent: {}}], Overflow: [], Filter: {}, DisabledSpoutput: [], x: 58, y: 200, z: 10, id: "create:basin", UpTo: 1b, Inventory: {Input: [{count: 6, id: "minecraft:wheat_seeds"}], Output: []}, FluidOverflow: []}
[14:10:18] [Server thread/INFO]: [Not Secure] [Server] CHECK S9 canister
[14:10:19] [Server thread/INFO]: 62, 200, 10 has the following block data: {Components: {}, components: {}, x: 62, y: 200, CapacityEnchantment: 0, z: 10, id: "createdieselgenerators:canister_block_entity", Tank: {Fluid: {amount: 81000, components: {"create:fluid_max_capacity": 324000}, id: "createdieselgenerators:diesel"}}}
[14:10:19] [Server thread/INFO]: [Not Secure] [Server] CHECK S10 basin
[14:10:19] [Server thread/INFO]: 66, 200, 10 has the following block data: {components: {}, FilterAmount: 64, InputTanks: [{Speed: 0.25f, Target: 0.0f, Value: 0.0f, TankContent: {}}, {Speed: 0.25f, Target: 0.0f, Value: 0.0f, TankContent: {}}], OutputTanks: [{Speed: 0.25f, Target: 0.0f, Value: 0.0f, TankContent: {}}, {Speed: 0.25f, Target: 0.0f, Value: 0.0f, TankContent: {}}], Overflow: [], Filter: {}, DisabledSpoutput: [], x: 66, y: 200, z: 10, id: "create:basin", UpTo: 1b, Inventory: {Input: [{components: {"createdieselgenerators:mold_type": "createdieselgenerators:bowl"}, count: 1, id: "createdieselgenerators:mold"}], Output: [{count: 2, id: "minecraft:bowl"}]}, FluidOverflow: []}
[14:10:19] [Server thread/INFO]: [Not Secure] [Server] CHECK S11 basin
[14:10:20] [Server thread/INFO]: 70, 200, 10 has the following block data: {components: {}, FilterAmount: 64, InputTanks: [{Speed: 0.25f, Target: 0.0f, Value: 0.0f, TankContent: {}}, {Speed: 0.25f, Target: 0.0f, Value: 0.0f, TankContent: {}}], OutputTanks: [{Speed: 0.25f, Target: 0.0f, Value: 0.0f, TankContent: {}}, {Speed: 0.25f, Target: 0.0f, Value: 0.0f, TankContent: {}}], Overflow: [], Filter: {}, DisabledSpoutput: [], x: 70, y: 200, z: 10, id: "create:basin", UpTo: 1b, Inventory: {Input: [{components: {"createdieselgenerators:mold_type": "createdieselgenerators:bar"}, count: 1, id: "createdieselgenerators:mold"}], Output: [{count: 4, id: "create:bar_of_chocolate"}]}, FluidOverflow: []}
[14:10:20] [Server thread/INFO]: [Not Secure] [Server] CHECK S12 barrel
[14:10:20] [Server thread/INFO]: 75, 200, 10 has the following block data: {components: {}, LastKnownPos: [I; 75, 200, 10], Size: 2, x: 75, y: 200, Height: 2, z: 10, id: "createdieselgenerators:oil_barrel_block_entity", TankContent: {Fluid: {amount: 1038096, components: {"create:fluid_max_capacity": 5184000}, id: "createdieselgenerators:diesel"}}}
[14:10:21] [Server thread/INFO]: [Not Secure] [Server] CHECK S13 turret
[14:10:21] [Server thread/INFO]: 82, 202, 10 has the following block data: {Speed: -16.0f, HorizontalRotation: 0.0f, components: {}, Tanks: [{Speed: 0.25f, Target: 1.0f, Value: 1.0f, TankContent: {amount: 81000, components: {"create:fluid_max_capacity": 81000}, id: "createdieselgenerators:gasoline"}}], FilterAmount: 64, LighterUpgrade: 0b, Source: [I; 83, 202, 10], Filter: {}, Network: {Capacity: 262144.0f, Size: 5, Id: 22814866317512L, Stress: 128.0f}, x: 82, y: 202, z: 10, id: "createdieselgenerators:chemical_turret", VerticalRotation: 0.0f, RedstoneSignal: 0, UpTo: 1b}
[14:10:21] [Server thread/INFO]: [Not Secure] [Server] CHECK S14 burner
[14:10:22] [Server thread/INFO]: 88, 200, 10 has the following block data: {Speed: 0.0f, Heat: 0.6f, components: {}, ValveState: 0.2f, RedstonePower: 0, RedstoneOutput: 3b, x: 88, FluidContent: {Fluid: {amount: 8100, components: {"create:fluid_max_capacity": 8100}, id: "createdieselgenerators:biodiesel"}}, y: 200, Tick: 1595, z: 10, id: "createdieselgenerators:burner"}
[14:11:10] [Server thread/INFO]: Server empty for 60 seconds, pausing
[14:11:51] [Server thread/INFO]: Player183[/127.0.0.1:38902] logged in with entity id 152 at (5.5, 201.0, -6.5)
[14:11:51] [Server thread/INFO]: Player183 joined the game
[14:12:35] [Server thread/INFO]: Replaced a slot on Player183 with [Engineer's Goggles]
[14:12:35] [Server thread/INFO]: Teleported Player183 to 31.500000, 204.000000, 20.500000
[14:12:38] [Server thread/INFO]: Teleported Player183 to 31.500000, 204.000000, 12.500000
[14:12:51] [Server thread/INFO]: Teleported Player183 to 36.500000, 204.000000, 12.500000
[14:12:56] [Server thread/INFO]: 29, 205, 12 has the following block data: {Speed: 0.0f, NeedsSpeedUpdate: 1b, components: {}, Angle: 19.579643f, Running: 1b, x: 29, y: 205, z: 12, id: "createdieselgenerators:pumpjack_bearing_block_entity"}
[14:12:56] [Server thread/INFO]: Replaced a slot on Player183 with [Distillation Controller]
[14:12:56] [Server thread/INFO]: Teleported Player183 to 38.500000, 200.000000, 7.500000
[14:13:04] [Server thread/INFO]: [Not Secure] [Server] CHECK client S5 converted
[14:13:04] [Server thread/INFO]: 38, 201, 10 has the following block data: {Window: 0b, Progress: -1, components: {}, Size: 1, ProcessingDuration: 0, Luminosity: 0, LastKnownPos: [I; 38, 201, 10], x: 38, y: 201, Height: 1, z: 10, id: "createdieselgenerators:distillation_tank_block_entity", TankContent: {}}
[14:13:04] [Server thread/INFO]: Teleported Player183 to 42.500000, 200.000000, 6.500000
[14:13:08] [Server thread/INFO]: Teleported Player183 to -1.500000, 200.000000, 12.500000
[14:13:13] [Server thread/INFO]: Teleported Player183 to 9.500000, 200.000000, 8.500000
[14:13:17] [Server thread/INFO]: Replaced a slot on Player183 with [Engine Turbocharger]
[14:13:22] [Server thread/INFO]: [Not Secure] [Server] CHECK client S2 engine
[14:13:22] [Server thread/INFO]: 9, 201, 11 has the following block data: {Speed: 192.0f, components: {}, Network: {Capacity: 36864.0f, Size: 3, AddedCapacity: 192.0f, Id: 2473901207753L, Stress: 0.0f}, x: 9, AnalogSignal: 0, y: 201, ScrollValue: 0, Height: 3, z: 11, id: "createdieselgenerators:large_diesel_engine_tile_entity", TankContent: {Fluid: {amount: 81000, components: {"create:fluid_max_capacity": 81000}, id: "createdieselgenerators:gasoline"}}, Upgrade: "createdieselgenerators:turbocharger"}
[14:13:22] [Server thread/INFO]: Teleported Player183 to 13.500000, 200.000000, 12.500000
[14:13:26] [Server thread/INFO]: Teleported Player183 to 16.500000, 200.000000, 7.500000
[14:13:31] [Server thread/INFO]: Teleported Player183 to 48.500000, 200.000000, 7.500000
[14:13:35] [Server thread/INFO]: Teleported Player183 to 54.500000, 200.000000, 7.500000
[14:13:39] [Server thread/INFO]: Teleported Player183 to 58.500000, 200.000000, 7.500000
[14:13:43] [Server thread/INFO]: Teleported Player183 to 62.500000, 200.000000, 7.500000
[14:13:47] [Server thread/INFO]: Teleported Player183 to 66.500000, 200.000000, 7.500000
[14:13:52] [Server thread/INFO]: Teleported Player183 to 70.500000, 200.000000, 7.500000
[14:13:56] [Server thread/INFO]: Teleported Player183 to 75.500000, 200.000000, 7.500000
[14:14:00] [Server thread/INFO]: Changed the block at 81, 202, 10
[14:14:00] [Server thread/INFO]: Teleported Player183 to 82.500000, 200.000000, 5.500000
[14:14:05] [Server thread/INFO]: [Not Secure] [Server] CHECK client projectiles
[14:14:05] [Server thread/INFO]: Test passed. Count: 24
[14:14:05] [Server thread/INFO]: [Not Secure] [Server] CHECK client S13 turret
[14:14:05] [Server thread/INFO]: 82, 202, 10 has the following block data: {Speed: -16.0f, HorizontalRotation: 0.0f, components: {}, Tanks: [{Speed: 0.25f, Target: 1.0f, Value: 1.0f, TankContent: {amount: 81000, components: {"create:fluid_max_capacity": 81000}, id: "createdieselgenerators:gasoline"}}], FilterAmount: 64, LighterUpgrade: 0b, Source: [I; 83, 202, 10], Filter: {}, Network: {Capacity: 262144.0f, Size: 5, Id: 22814866317512L, Stress: 128.0f}, x: 82, y: 202, z: 10, id: "createdieselgenerators:chemical_turret", VerticalRotation: 0.0f, RedstoneSignal: 15, UpTo: 1b}
[14:14:05] [Server thread/INFO]: Changed the block at 81, 202, 10
[14:14:05] [Server thread/INFO]: Teleported Player183 to 88.500000, 200.000000, 7.500000
[14:14:10] [Server thread/INFO]: Teleported Player183 to 28.500000, 201.000000, 5.500000
[14:14:14] [Server thread/INFO]: [Not Secure] [Server] CHECK client S4 hole
[14:14:14] [Server thread/INFO]: 28, 202, 8 has the following block data: {Started: 1b, components: {}, OilAmount: 2147483647, Tanks: [{Speed: 0.25f, Target: 0.125f, Value: 0.125f, TankContent: {amount: 81000, components: {"create:fluid_max_capacity": 648000}, id: "createdieselgenerators:crude_oil"}}], x: 28, y: 202, z: 8, id: "createdieselgenerators:pumpjack_hole_block_entity"}
[14:14:14] [Server thread/INFO]: 28, 202, 11 has the following block data: {Boiler: {ActiveHeat: 0, Whistles: 0, Supply: 0.0f, PassiveHeat: 0b, Update: 0b, Engines: 0}, Window: 1b, components: {}, LastKnownPos: [I; 28, 202, 11], Size: 1, Fluid: {amount: 648000, components: {"create:fluid_max_capacity": 648000}, id: "createdieselgenerators:crude_oil"}, Luminosity: 0, x: 28, y: 202, Height: 1, z: 11, id: "create:fluid_tank"}
[14:14:14] [Server thread/INFO]: Teleported Player183 to 33.500000, 200.000000, 12.500000
[14:14:18] [Server thread/INFO]: Teleported Player183 to -5.500000, 200.000000, 3.500000
[14:14:22] [Server thread/INFO]: Teleported Player183 to 2.500000, 200.000000, 3.500000
[14:14:27] [Server thread/INFO]: Teleported Player183 to 10.500000, 200.000000, 3.500000
[14:14:31] [Server thread/INFO]: Teleported Player183 to 18.500000, 200.000000, 3.500000
[14:14:35] [Server thread/INFO]: Teleported Player183 to 26.500000, 200.000000, 3.500000
[14:14:39] [Server thread/INFO]: Teleported Player183 to 34.500000, 200.000000, 3.500000
[14:14:44] [Server thread/INFO]: Teleported Player183 to 42.500000, 200.000000, 3.500000
[14:14:48] [Server thread/INFO]: Teleported Player183 to 50.500000, 200.000000, 3.500000
[14:14:52] [Server thread/INFO]: Teleported Player183 to -5.500000, 200.000000, 0.500000
[14:14:56] [Server thread/INFO]: Teleported Player183 to 2.500000, 200.000000, 0.500000
[14:15:01] [Server thread/INFO]: Teleported Player183 to 10.500000, 200.000000, 0.500000
[14:15:05] [Server thread/INFO]: Teleported Player183 to 18.500000, 200.000000, 0.500000
[14:15:09] [Server thread/INFO]: Teleported Player183 to 6.500000, 200.000000, -4.500000
[14:15:13] [Server thread/INFO]: Teleported Player183 to 18.500000, 200.000000, -4.500000
[14:15:18] [Server thread/INFO]: Set Player183's game mode to Survival Mode
[14:15:18] [Server thread/INFO]: Removed 3 item(s) from player Player183
[14:15:18] [Server thread/INFO]: Replaced a slot on Player183 with [Biodiesel Bucket]
[14:15:18] [Server thread/INFO]: Replaced a slot on Player183 with [Black Cement Bucket]
[14:15:18] [Server thread/INFO]: Replaced a slot on Player183 with [Blue Cement Bucket]
[14:15:18] [Server thread/INFO]: Replaced a slot on Player183 with [Brown Cement Bucket]
[14:15:18] [Server thread/INFO]: Replaced a slot on Player183 with [Chemical Sprayer]
[14:15:18] [Server thread/INFO]: Replaced a slot on Player183 with [Chemical Sprayer With Lighter]
[14:15:18] [Server thread/INFO]: Replaced a slot on Player183 with [Crude Oil Bucket]
[14:15:18] [Server thread/INFO]: Replaced a slot on Player183 with [Cyan Cement Bucket]
[14:15:18] [Server thread/INFO]: Replaced a slot on Player183 with [Diesel Bucket]
[14:15:18] [Server thread/INFO]: Replaced a slot on Player183 with [Distillation Controller]
[14:15:18] [Server thread/INFO]: Replaced a slot on Player183 with [Engine Piston]
[14:15:18] [Server thread/INFO]: Replaced a slot on Player183 with [Engine Silencer]
[14:15:18] [Server thread/INFO]: Replaced a slot on Player183 with [Engine Turbocharger]
[14:15:18] [Server thread/INFO]: Replaced a slot on Player183 with [Entity Filter]
[14:15:18] [Server thread/INFO]: Replaced a slot on Player183 with [Ethanol Bucket]
[14:15:18] [Server thread/INFO]: Replaced a slot on Player183 with [Gasoline Bucket]
[14:15:18] [Server thread/INFO]: Replaced a slot on Player183 with [Gray Cement Bucket]
[14:15:18] [Server thread/INFO]: Replaced a slot on Player183 with [Green Cement Bucket]
[14:15:18] [Server thread/INFO]: Replaced a slot on Player183 with [Hammer]
[14:15:18] [Server thread/INFO]: Replaced a slot on Player183 with [Kelp Handle]
[14:15:18] [Server thread/INFO]: Replaced a slot on Player183 with [Light Blue Cement Bucket]
[14:15:18] [Server thread/INFO]: Replaced a slot on Player183 with [Light Gray Cement Bucket]
[14:15:18] [Server thread/INFO]: Replaced a slot on Player183 with [Lighter]
[14:15:18] [Server thread/INFO]: Replaced a slot on Player183 with [Lime Cement Bucket]
[14:15:18] [Server thread/INFO]: Replaced a slot on Player183 with [Magenta Cement Bucket]
[14:15:18] [Server thread/INFO]: Replaced a slot on Player183 with [Mold]
[14:15:18] [Server thread/INFO]: Replaced a slot on Player183 with [Oil Scanner]
[14:15:18] [Server thread/INFO]: Replaced a slot on Player183 with [Orange Cement Bucket]
[14:15:18] [Server thread/INFO]: Replaced a slot on Player183 with [Pink Cement Bucket]
[14:15:18] [Server thread/INFO]: Replaced a slot on Player183 with [Plant Oil Bucket]
[14:15:18] [Server thread/INFO]: Replaced a slot on Player183 with [Purple Cement Bucket]
[14:15:18] [Server thread/INFO]: Replaced a slot on Player183 with [Red Cement Bucket]
[14:15:18] [Server thread/INFO]: Replaced a slot on Player183 with [Track Layer's Bag]
[14:15:18] [Server thread/INFO]: Replaced a slot on Player183 with [White Cement Bucket]
[14:15:18] [Server thread/INFO]: Replaced a slot on Player183 with [Wire Cutters]
[14:15:18] [Server thread/INFO]: Replaced a slot on Player183 with [Wood Chip]
[14:15:23] [Server thread/INFO]: Removed 36 item(s) from player Player183
[14:15:23] [Server thread/INFO]: Replaced a slot on Player183 with [Yellow Cement Bucket]
[14:15:23] [Server thread/INFO]: Replaced a slot on Player183 with [Andesite Girder]
[14:15:23] [Server thread/INFO]: Unknown item 'createdieselgenerators:andesite_girder_encased_shaft'
[14:15:23] [Server thread/INFO]: ...er.2 with createdieselgenerators:andesite_girder_encased_shaft<--[HERE]
[14:15:23] [Server thread/INFO]: Unknown item 'createdieselgenerators:andesite_girder_strut'
[14:15:23] [Server thread/INFO]: ...er.3 with createdieselgenerators:andesite_girder_strut<--[HERE]
[14:15:23] [Server thread/INFO]: Replaced a slot on Player183 with [Asphalt Block]
[14:15:23] [Server thread/INFO]: Replaced a slot on Player183 with [Asphalt Slab]
[14:15:23] [Server thread/INFO]: Replaced a slot on Player183 with [Asphalt Stairs]
[14:15:23] [Server thread/INFO]: Replaced a slot on Player183 with [Basin Lid]
[14:15:23] [Server thread/INFO]: Unknown item 'createdieselgenerators:black_concrete_encased_fluid_pipe'
[14:15:23] [Server thread/INFO]: ...er.8 with createdieselgenerators:black_concrete_encased_fluid_pipe<--[HERE]
[14:15:23] [Server thread/INFO]: Unknown item 'createdieselgenerators:blue_concrete_encased_fluid_pipe'
[14:15:23] [Server thread/INFO]: ...er.9 with createdieselgenerators:blue_concrete_encased_fluid_pipe<--[HERE]
[14:15:23] [Server thread/INFO]: Unknown item 'createdieselgenerators:brown_concrete_encased_fluid_pipe'
[14:15:23] [Server thread/INFO]: ...r.10 with createdieselgenerators:brown_concrete_encased_fluid_pipe<--[HERE]
[14:15:23] [Server thread/INFO]: Replaced a slot on Player183 with [Bulk Fermenter]
[14:15:23] [Server thread/INFO]: Replaced a slot on Player183 with [Burner]
[14:15:23] [Server thread/INFO]: Replaced a slot on Player183 with [Canister]
[14:15:23] [Server thread/INFO]: Replaced a slot on Player183 with [Chemical Turret]
[14:15:23] [Server thread/INFO]: Replaced a slot on Player183 with [Chip Wood Beam]
[14:15:23] [Server thread/INFO]: Replaced a slot on Player183 with [Chip Wood Block]
[14:15:23] [Server thread/INFO]: Replaced a slot on Player183 with [Chip Wood Slab]
[14:15:23] [Server thread/INFO]: Replaced a slot on Player183 with [Chip Wood Stairs]
[14:15:23] [Server thread/INFO]: Unknown item 'createdieselgenerators:cyan_concrete_encased_fluid_pipe'
[14:15:23] [Server thread/INFO]: ...r.19 with createdieselgenerators:cyan_concrete_encased_fluid_pipe<--[HERE]
[14:15:23] [Server thread/INFO]: Replaced a slot on Player183 with [Diesel Engine]
[14:15:23] [Server thread/INFO]: Unknown item 'createdieselgenerators:distillation_tank'
[14:15:23] [Server thread/INFO]: ...r.21 with createdieselgenerators:distillation_tank<--[HERE]
[14:15:23] [Server thread/INFO]: Unknown item 'createdieselgenerators:gray_concrete_encased_fluid_pipe'
[14:15:23] [Server thread/INFO]: ...r.22 with createdieselgenerators:gray_concrete_encased_fluid_pipe<--[HERE]
[14:15:23] [Server thread/INFO]: Unknown item 'createdieselgenerators:green_concrete_encased_fluid_pipe'
[14:15:23] [Server thread/INFO]: ...r.23 with createdieselgenerators:green_concrete_encased_fluid_pipe<--[HERE]
[14:15:23] [Server thread/INFO]: Replaced a slot on Player183 with [Huge Diesel Engine]
[14:15:23] [Server thread/INFO]: Replaced a slot on Player183 with [Modular Diesel Engine]
[14:15:23] [Server thread/INFO]: Unknown item 'createdieselgenerators:light_blue_concrete_encased_fluid_pipe'
[14:15:23] [Server thread/INFO]: ...r.26 with createdieselgenerators:light_blue_concrete_encased_fluid_pipe<--[HERE]
[14:15:23] [Server thread/INFO]: Unknown item 'createdieselgenerators:light_gray_concrete_encased_fluid_pipe'
[14:15:23] [Server thread/INFO]: ...r.27 with createdieselgenerators:light_gray_concrete_encased_fluid_pipe<--[HERE]
[14:15:23] [Server thread/INFO]: Unknown item 'createdieselgenerators:lime_concrete_encased_fluid_pipe'
[14:15:23] [Server thread/INFO]: ...r.28 with createdieselgenerators:lime_concrete_encased_fluid_pipe<--[HERE]
[14:15:23] [Server thread/INFO]: Unknown item 'createdieselgenerators:magenta_concrete_encased_fluid_pipe'
[14:15:23] [Server thread/INFO]: ...r.29 with createdieselgenerators:magenta_concrete_encased_fluid_pipe<--[HERE]
[14:15:23] [Server thread/INFO]: Replaced a slot on Player183 with [Oil Barrel]
[14:15:23] [Server thread/INFO]: Unknown item 'createdieselgenerators:orange_concrete_encased_fluid_pipe'
[14:15:23] [Server thread/INFO]: ...r.31 with createdieselgenerators:orange_concrete_encased_fluid_pipe<--[HERE]
[14:15:23] [Server thread/INFO]: Unknown item 'createdieselgenerators:pink_concrete_encased_fluid_pipe'
[14:15:23] [Server thread/INFO]: ...r.32 with createdieselgenerators:pink_concrete_encased_fluid_pipe<--[HERE]
[14:15:23] [Server thread/INFO]: Unknown item 'createdieselgenerators:powered_engine_shaft'
[14:15:23] [Server thread/INFO]: ...r.33 with createdieselgenerators:powered_engine_shaft<--[HERE]
[14:15:23] [Server thread/INFO]: Replaced a slot on Player183 with [Pumpjack Bearing]
[14:15:23] [Server thread/INFO]: Unknown item 'createdieselgenerators:pumpjack_bearing_b'
[14:15:23] [Server thread/INFO]: ...r.35 with createdieselgenerators:pumpjack_bearing_b<--[HERE]
[14:15:28] [Server thread/INFO]: Removed 19 item(s) from player Player183
[14:15:28] [Server thread/INFO]: Replaced a slot on Player183 with [Pumpjack Crank]
[14:15:28] [Server thread/INFO]: Replaced a slot on Player183 with [Pumpjack Head]
[14:15:28] [Server thread/INFO]: Replaced a slot on Player183 with [Pumpjack Hole]
[14:15:28] [Server thread/INFO]: Unknown item 'createdieselgenerators:purple_concrete_encased_fluid_pipe'
[14:15:28] [Server thread/INFO]: ...er.3 with createdieselgenerators:purple_concrete_encased_fluid_pipe<--[HERE]
[14:15:28] [Server thread/INFO]: Unknown item 'createdieselgenerators:red_concrete_encased_fluid_pipe'
[14:15:28] [Server thread/INFO]: ...er.4 with createdieselgenerators:red_concrete_encased_fluid_pipe<--[HERE]
[14:15:28] [Server thread/INFO]: Replaced a slot on Player183 with [Sheet Metal Panel]
[14:15:28] [Server thread/INFO]: Unknown item 'createdieselgenerators:white_concrete_encased_fluid_pipe'
[14:15:28] [Server thread/INFO]: ...er.6 with createdieselgenerators:white_concrete_encased_fluid_pipe<--[HERE]
[14:15:28] [Server thread/INFO]: Unknown item 'createdieselgenerators:yellow_concrete_encased_fluid_pipe'
[14:15:28] [Server thread/INFO]: ...er.7 with createdieselgenerators:yellow_concrete_encased_fluid_pipe<--[HERE]
[14:15:33] [Server thread/INFO]: Removed 4 item(s) from player Player183
[14:15:33] [Server thread/INFO]: Replaced a slot on Player183 with [Diesel Engine]
[14:15:53] [Server thread/INFO]: Removed 1 item(s) from player Player183
[14:15:53] [Server thread/INFO]: Replaced a slot on Player183 with [Pumpjack Crank]
[14:16:22] [Server thread/INFO]: Removed 1 item(s) from player Player183
[14:16:22] [Server thread/INFO]: Replaced a slot on Player183 with [Distillation Controller]
[14:16:41] [Server thread/INFO]: Removed 1 item(s) from player Player183
[14:16:41] [Server thread/INFO]: Replaced a slot on Player183 with [Bulk Fermenter]
[14:17:00] [Server thread/INFO]: Removed 1 item(s) from player Player183
[14:17:00] [Server thread/INFO]: Replaced a slot on Player183 with [Chemical Turret]
[14:17:19] [Server thread/INFO]: Removed 1 item(s) from player Player183
[14:17:19] [Server thread/INFO]: Replaced a slot on Player183 with [Huge Diesel Engine]
[14:17:38] [Server thread/INFO]: Set Player183's game mode to Creative Mode
[14:17:38] [Server thread/INFO]: Teleported Player183 to 50.500000, 200.000000, -6.500000
[14:17:38] [Server thread/INFO]: Removed 1 item(s) from player Player183
[14:17:38] [Server thread/INFO]: Replaced a slot on Player183 with [Hammer]
[14:17:38] [Server thread/INFO]: Player183 has made the advancement [Acquire Hardware]
[14:17:38] [Server thread/INFO]: Replaced a slot on Player183 with [Iron Ingot]
[14:17:48] [Server thread/INFO]: [Not Secure] [Server] CHECK client hammer
[14:17:48] [Server thread/INFO]: Player183 has the following entity data: [{count: 1, Slot: 0b, id: "createdieselgenerators:hammer"}, {count: 1, Slot: 1b, id: "create:iron_sheet"}]
[14:17:48] [Server thread/INFO]: Replaced a slot on Player183 with [Wire Cutters]
[14:17:48] [Server thread/INFO]: Replaced a slot on Player183 with [Oak Planks]
[14:17:58] [Server thread/INFO]: [Not Secure] [Server] CHECK client wire cutters
[14:17:58] [Server thread/INFO]: Player183 has the following entity data: [{count: 1, Slot: 0b, id: "createdieselgenerators:hammer"}, {count: 1, Slot: 1b, id: "createdieselgenerators:wire_cutters"}, {count: 4, Slot: 2b, id: "minecraft:stick"}]
[14:17:58] [Server thread/INFO]: Replaced a slot on Player183 with [Air]
[14:17:58] [Server thread/INFO]: Replaced a slot on Player183 with [Chemical Sprayer]
[14:18:03] [Server thread/INFO]: [Not Secure] [Server] CHECK client sprayer
[14:18:03] [Server thread/INFO]: Player183 has the following entity data: {components: {"createdieselgenerators:fluid_contents": {amount: 81000, id: "minecraft:water"}}, count: 1, Slot: 2b, id: "createdieselgenerators:chemical_sprayer"}
[14:18:03] [Server thread/INFO]: Replaced a slot on Player183 with [Chemical Sprayer With Lighter]
[14:18:08] [Server thread/INFO]: Replaced a slot on Player183 with [Lighter]
[14:18:12] [Server thread/INFO]: Replaced a slot on Player183 with [Oil Scanner]
[14:18:19] [Server thread/INFO]: Replaced a slot on Player183 with [Entity Filter]
[14:18:26] [Server thread/INFO]: Replaced a slot on Player183 with [Canister]
[14:18:26] [Server thread/INFO]: Replaced a slot on Player183 with [Track Layer's Bag]
[14:18:28] [Server thread/INFO]: [Not Secure] [Server] CHECK client canister drop
[14:18:28] [Server thread/INFO]: Changed the block at 62, 200, 10
[14:18:29] [Server thread/INFO]: Canister has the following entity data: {components: {"createdieselgenerators:fluid_contents": {amount: 81000, components: {"create:fluid_max_capacity": 324000}, id: "createdieselgenerators:diesel"}}, count: 1, id: "createdieselgenerators:canister"}
[14:18:29] [Server thread/INFO]: [Not Secure] [Server] CHECK client fermenter drop
[14:18:29] [Server thread/INFO]: Changed the block at 49, 201, 11
[14:18:30] [Server thread/INFO]: Bulk Fermenter has the following entity data: {count: 1, id: "createdieselgenerators:bulk_fermenter"}
[14:18:30] [Server thread/INFO]: [Not Secure] [Server] CHECK client S6 fermenter
[14:18:30] [Server thread/INFO]: 48, 200, 10 has the following block data: {components: {}, Size: 2, ProcessingDuration: 400, Heat: 0, LastKnownPos: [I; 48, 200, 10], ProcessingTime: -1, x: 48, y: 200, Height: 1, z: 10, id: "createdieselgenerators:bulk_fermenter", TankContent: {Tanks: [{Fluid: {amount: 518400, components: {"create:fluid_max_capacity": 324000}, id: "createdieselgenerators:ethanol"}}, {}, {}, {}, {}, {}]}, Inventory: []}
[14:18:30] [Server thread/INFO]: [Not Secure] [Server] CHECK final
[14:18:30] [Server thread/INFO]: [Not Secure] [Server] CHECK client S5b tank 2
[14:18:30] [Server thread/INFO]: 42, 202, 10 has the following block data: {Window: 0b, Progress: -1, components: {}, Size: 1, ProcessingDuration: 0, Luminosity: 0, LastKnownPos: [I; 42, 202, 10], x: 42, y: 202, Height: 1, z: 10, id: "createdieselgenerators:distillation_tank_block_entity", TankContent: {Fluid: {amount: 648000, components: {"create:fluid_max_capacity": 648000}, id: "createdieselgenerators:diesel"}}}
[14:18:30] [Server thread/INFO]: 28, 202, 11 has the following block data: {Boiler: {ActiveHeat: 0, Whistles: 0, Supply: 0.0f, PassiveHeat: 0b, Update: 0b, Engines: 0}, Window: 1b, components: {}, LastKnownPos: [I; 28, 202, 11], Size: 1, Fluid: {amount: 648000, components: {"create:fluid_max_capacity": 648000}, id: "createdieselgenerators:crude_oil"}, Luminosity: 0, x: 28, y: 202, Height: 1, z: 11, id: "create:fluid_tank"}
[14:18:30] [Server thread/INFO]: Player183 lost connection: Disconnected
[14:18:30] [Server thread/INFO]: Player183 left the game
[14:18:35] [Server thread/INFO]: Stopping the server
[14:18:35] [Server thread/INFO]: Stopping server
[14:18:35] [Server thread/INFO]: Saving players
[14:18:35] [Server thread/INFO]: Saving worlds
[14:18:35] [Server thread/INFO]: Saving chunks for level 'ServerLevel[world]'/minecraft:overworld
[14:18:36] [Server thread/INFO]: Saving chunks for level 'ServerLevel[world]'/minecraft:the_end
[14:18:36] [Server thread/INFO]: Saving chunks for level 'ServerLevel[world]'/minecraft:the_nether
[14:18:36] [Server thread/INFO]: ThreadedAnvilChunkStorage (world): All chunks are saved
[14:18:36] [Server thread/INFO]: ThreadedAnvilChunkStorage (DIM1): All chunks are saved
[14:18:36] [Server thread/INFO]: ThreadedAnvilChunkStorage (DIM-1): All chunks are saved
[14:18:36] [Server thread/INFO]: ThreadedAnvilChunkStorage: All dimensions are saved
EXIT 0
