Starting net.fabricmc.loader.impl.game.minecraft.BundlerClassPathCapture
[03:09:44] [main/INFO]: Loading Minecraft 26.3 with Fabric Loader 0.19.5
[03:09:44] [main/INFO]: Mappings not present!
[03:09:44] [main/INFO]: Loading 44 mods:
	- create 6.0.9-1
	- createdieselgenerators 1.3.15+26.3
	- fabric-api 0.161.0+26.3
	   |-- fabric-advancement-api-v1 1.0.0+38c7a2d55d
	   |-- fabric-api-base 2.0.6+fcdff87f5d
	   |-- fabric-api-lookup-api-v1 2.0.24+3434d6d95d
	   |-- fabric-biome-api-v1 20.0.9+74ed1ea55d
	   |-- fabric-block-api-v1 3.1.0+0ae6f9115d
	   |-- fabric-block-getter-api-v2 2.0.9+3434d6d95d
	   |-- fabric-command-api-v2 3.1.2+fcdff87f5d
	   |-- fabric-content-registries-v0 15.0.4+74ed1ea55d
	   |-- fabric-convention-tags-v2 4.10.3+6b5b47fd5d
	   |-- fabric-crash-report-info-v1 1.0.7+fcdff87f5d
	   |-- fabric-creative-tab-api-v1 5.0.21+fcdff87f5d
	   |-- fabric-data-attachment-api-v1 2.2.30+3434d6d95d
	   |-- fabric-data-generation-api-v1 27.2.4+427eab975d
	   |-- fabric-debug-api-v1 1.0.4+3434d6d95d
	   |-- fabric-dimensions-v1 5.1.19+47f74c985d
	   |-- fabric-entity-events-v1 6.0.4+3434d6d95d
	   |-- fabric-events-interaction-v0 5.3.6+3434d6d95d
	   |-- fabric-game-rule-api-v1 4.0.10+3434d6d95d
	   |-- fabric-item-api-v1 14.7.0+cf6bc2db5d
	   |-- fabric-lifecycle-events-v1 4.1.9+ffef5f675d
	   |-- fabric-loot-api-v3 4.0.8+4068fd645d
	   |-- fabric-menu-api-v1 2.0.27+ed66f0a35d
	   |-- fabric-message-api-v1 7.0.10+3434d6d95d
	   |-- fabric-networking-api-v1 6.3.8+fcdff87f5d
	   |-- fabric-object-builder-api-v1 24.1.9+3434d6d95d
	   |-- fabric-particles-v1 5.0.24+3434d6d95d
	   |-- fabric-permission-api-v1 1.0.8+fcdff87f5d
	   |-- fabric-recipe-api-v1 10.0.8+fcdff87f5d
	   |-- fabric-registry-sync-v0 8.0.1+fcdff87f5d
	   |-- fabric-rendering-fluids-v1 6.0.6+3434d6d95d
	   |-- fabric-resource-conditions-api-v1 6.1.5+3434d6d95d
	   |-- fabric-resource-loader-v0 3.3.26+4fc5413f5d
	   |-- fabric-resource-loader-v1 3.0.4+fcdff87f5d
	   |-- fabric-serialization-api-v1 2.0.7+74ed1ea55d
	   |-- fabric-tag-api-v1 2.1.10+fcdff87f5d
	   |-- fabric-transfer-api-v1 8.0.25+fcdff87f5d
	   \-- fabric-transitive-access-wideners-v1 8.1.16+52268a0e5d
	- fabricloader 0.19.5
	   \-- mixinextras 0.5.5
	- java 25
	- minecraft 26.3
[03:09:44] [main/INFO]: SpongePowered MIXIN Subsystem Version=0.8.7 Source=file:/home/runner/work/Create-Diesel-Generators/Create-Diesel-Generators/server/libraries/net/fabricmc/sponge-mixin/0.17.4+mixin.0.8.7/sponge-mixin-0.17.4+mixin.0.8.7.jar Service=Knot/Fabric Env=SERVER
[03:09:45] [main/INFO]: Initializing MixinExtras via com.llamalad7.mixinextras.service.MixinExtrasServiceImpl(version=0.5.5).
WARNING: A terminally deprecated method in sun.misc.Unsafe has been called
WARNING: sun.misc.Unsafe::objectFieldOffset has been called by org.joml.MemUtil$MemUtilUnsafe (file:/home/runner/work/Create-Diesel-Generators/Create-Diesel-Generators/server/libraries/org/joml/joml/1.10.9/joml-1.10.9.jar)
WARNING: Please consider reporting this to the maintainers of class org.joml.MemUtil$MemUtilUnsafe
WARNING: sun.misc.Unsafe::objectFieldOffset will be removed in a future release
[03:09:54] [main/INFO]: Environment: Environment[discoveryUrl=https://discovery.minecraftservices.com/minecraft/client, name=PROD]
[03:09:57] [Worker-Main-2/INFO]: Loaded 2971 advancements
[03:09:57] [main/INFO]: Applied 0 biome modifications to 0 of 67 new biomes in 1.374 ms
[03:09:57] [Server thread/INFO]: Starting minecraft server version 26.3
[03:09:57] [Server thread/INFO]: Loading properties
[03:09:57] [Server thread/INFO]: Default game type: CREATIVE
[03:09:57] [Server thread/INFO]: Generating keypair
[03:09:57] [Server thread/INFO]: Starting Minecraft server on *:25565
[03:09:57] [Server thread/WARN]: **** SERVER IS RUNNING IN OFFLINE/INSECURE MODE!
[03:09:57] [Server thread/WARN]: The server will make no attempt to authenticate usernames. Beware.
[03:09:57] [Server thread/WARN]: While this makes the game possible to play without internet access, it also opens up the ability for hackers to connect with any username they choose.
[03:09:57] [Server thread/WARN]: To change this, set "online-mode" to "true" in the server.properties file.
[03:09:57] [Server thread/INFO]: Preparing level "world"
[03:09:57] [Server thread/INFO]: Loading 84 persistent chunks...
[03:09:57] [Server thread/INFO]: Preparing spawn area: 10%
[03:09:58] [Server thread/INFO]: Preparing spawn area: 10%
[03:09:58] [Server thread/INFO]: Preparing spawn area: 10%
[03:09:59] [Server thread/INFO]: Preparing spawn area: 12%
[03:09:59] [Server thread/INFO]: Time elapsed: 1628 ms
[03:09:59] [Server thread/INFO]: Done (1.945s)! For help, type "help"
[03:09:59] [Server thread/INFO]: Saving chunks for level 'ServerLevel[world]'/minecraft:overworld
[03:09:59] [Server thread/INFO]: Saving chunks for level 'ServerLevel[world]'/minecraft:the_end
[03:09:59] [Server thread/INFO]: Saving chunks for level 'ServerLevel[world]'/minecraft:the_nether
[03:09:59] [Server thread/INFO]: Force-loading class net.minecraft.data.recipes.SmithingTrimRecipeBuilder
[03:09:59] [Server thread/INFO]: Force-loading class net.minecraft.data.recipes.SingleItemRecipeBuilder
[03:09:59] [Server thread/INFO]: Force-loading class net.minecraft.data.recipes.SmithingTransformRecipeBuilder
[03:09:59] [Server thread/INFO]: Force-loading class net.minecraft.world.level.redstone.CollectingNeighborUpdater$MultiNeighborUpdate
[03:09:59] [Server thread/INFO]: Force-loading class net.minecraft.server.PlayerAdvancements
[03:09:59] [Server thread/INFO]: Force-loading class net.minecraft.server.network.config.SynchronizeRegistriesTask
[03:09:59] [Server thread/INFO]: Force-loading class net.minecraft.data.recipes.RecipeProvider
[03:09:59] [Server thread/INFO]: Force-loading class net.minecraft.network.protocol.configuration.ServerboundSelectKnownPacks
[03:09:59] [Server thread/INFO]: Force-loading class net.minecraft.world.level.redstone.ExperimentalRedstoneWireEvaluator
[03:09:59] [Server thread/INFO]: Force-loading class net.minecraft.server.network.ServerHandshakePacketListenerImpl
[03:09:59] [Server thread/INFO]: Force-loading class net.minecraft.data.tags.BlockItemTagAppender
[03:09:59] [Server thread/INFO]: Force-loading class net.minecraft.data.recipes.BrewingRecipeBuilder
[03:09:59] [Server thread/INFO]: Force-loading class net.minecraft.data.registries.RegistriesDatapackGenerator
[03:09:59] [Server thread/INFO]: Force-loading class net.minecraft.world.entity.ai.behavior.Swim
[03:09:59] [Server thread/INFO]: Force-loading class net.minecraft.server.packs.resources.SimpleJsonResourceReloadListener
[03:09:59] [Server thread/INFO]: Force-loading class net.minecraft.server.commands.DebugConfigCommand
[03:09:59] [Server thread/INFO]: Force-loading class net.minecraft.world.level.pathfinder.WalkNodeEvaluator
[03:09:59] [Server thread/INFO]: Force-loading class net.minecraft.world.level.storage.loot.LootPool$Builder
[03:09:59] [Server thread/INFO]: Force-loading class net.minecraft.data.recipes.TransmuteRecipeBuilder
[03:09:59] [Server thread/INFO]: Force-loading class net.minecraft.data.tags.TagAppender
[03:09:59] [Server thread/INFO]: Force-loading class net.minecraft.network.protocol.configuration.ConfigurationProtocols
[03:09:59] [Server thread/INFO]: Force-loading class net.minecraft.server.network.ServerLoginPacketListenerImpl
[03:09:59] [Server thread/INFO]: Force-loading class net.minecraft.commands.execution.CommandQueueEntry
[03:09:59] [Server thread/INFO]: Force-loading class net.minecraft.data.recipes.RecipeProvider$1
[03:09:59] [Server thread/INFO]: Force-loading class net.minecraft.gametest.framework.GameTestServer
[03:09:59] [Server thread/INFO]: Force-loading class net.minecraft.network.protocol.BundlePacket
[03:09:59] [Server thread/INFO]: Force-loading class net.minecraft.util.ParticleUtils
[03:09:59] [Server thread/INFO]: Force-loading class net.minecraft.world.CompoundContainer
[03:09:59] [Server thread/INFO]: Force-loading class net.minecraft.data.tags.TagAppender$1
[03:09:59] [Server thread/INFO]: Force-loading class net.minecraft.network.PacketEncoder
[03:09:59] [Server thread/INFO]: Force-loading class net.minecraft.data.tags.TagsProvider
[03:09:59] [Server thread/INFO]: Force-loading class net.minecraft.data.recipes.SimpleCookingRecipeBuilder
[03:09:59] [Server thread/INFO]: Force-loading class net.minecraft.data.recipes.SpecialRecipeBuilder
[03:09:59] [Server thread/INFO]: Force-loading class net.minecraft.data.recipes.ShapedRecipeBuilder
[03:09:59] [Server thread/INFO]: Force-loading class net.minecraft.tags.TagBuilder
[03:09:59] [Server thread/INFO]: Force-loading class net.minecraft.network.protocol.login.ServerboundCustomQueryAnswerPacket
[03:09:59] [Server thread/INFO]: Force-loading class net.minecraft.world.level.ServerExplosion
[03:09:59] [Server thread/INFO]: Force-loading class net.minecraft.data.recipes.RecipeOutput
[03:09:59] [Server thread/INFO]: Force-loading class net.minecraft.world.level.block.RailState
[03:09:59] [Server thread/INFO]: Force-loading class net.minecraft.network.PacketDecoder
[03:09:59] [Server thread/INFO]: Force-loading class net.minecraft.server.dedicated.ServerWatchdog
[03:09:59] [Server thread/INFO]: Force-loading class net.minecraft.data.recipes.ShapelessRecipeBuilder
[03:09:59] [Server thread/INFO]: Force-loading class net.minecraft.data.recipes.CustomCraftingRecipeBuilder
[03:09:59] [Server thread/INFO]: Force-loading class net.minecraft.world.item.enchantment.EnchantmentHelper
[03:09:59] [Server thread/INFO]: Force-loading class net.minecraft.world.entity.ai.behavior.GiveGiftToHero
[03:09:59] [Server thread/INFO]: Force-loading class net.minecraft.data.advancements.packs.VanillaAdventureAdvancements
[03:09:59] [Server thread/INFO]: Force-loading class net.minecraft.data.loot.BlockLootSubProvider
[03:09:59] [Server thread/INFO]: Force-loading class net.minecraft.network.protocol.common.ServerboundCustomPayloadPacket
[03:09:59] [Server thread/INFO]: Force-loading class net.minecraft.network.protocol.game.GameProtocols
[03:09:59] [Server thread/INFO]: Force-loading class net.minecraft.commands.execution.tasks.BuildContexts
[03:09:59] [Server thread/INFO]: Force-loading class net.minecraft.world.entity.ai.behavior.WorkAtComposter
[03:09:59] [Server thread/INFO]: Force-loading class net.minecraft.data.HashCache
[03:09:59] [Server thread/INFO]: Force-loading class net.minecraft.data.recipes.BrewingProvider
[03:09:59] [Server thread/INFO]: Force-loading class net.minecraft.data.registries.RegistryPatchGenerator
[03:09:59] [Server thread/INFO]: Force-loading class net.minecraft.server.network.PlayerChunkSender
[03:09:59] [Server thread/INFO]: Force-loading class net.minecraft.world.item.Item$TooltipContext$2
[03:09:59] [Server thread/INFO]: Force-loading class net.minecraft.data.HashCache$ProviderCache
[03:09:59] [Server thread/INFO]: Force-loading class net.minecraft.world.entity.ai.behavior.StartAttacking
[03:09:59] [Server thread/INFO]: Force-loading class net.minecraft.world.level.pathfinder.PathfindingContext
[03:09:59] [Server thread/INFO]: Force-loading class com.mojang.brigadier.context.ContextChain
[03:09:59] [Server thread/INFO]: Force-loading class net.minecraft.network.codec.IdDispatchCodec
[03:09:59] [Server thread/INFO]: Force-loading class net.minecraft.data.DataProvider
[03:09:59] [Server thread/INFO]: Force-loading class net.minecraft.data.loot.EntityLootSubProvider
[03:09:59] [Server thread/INFO]: Force-loading class net.minecraft.network.protocol.login.ClientboundCustomQueryPacket
[03:09:59] [Server thread/INFO]: [MixinAudit] audit finished
[03:09:59] [Server thread/INFO]: RecipeTrie of depth 3 with 124 nodes built with 141 variants, 122 ingredients, and 127 recipes
[03:09:59] [Server thread/INFO]: RecipeTrie of depth 3 with 15 nodes built with 14 variants, 14 ingredients, and 6 recipes
[03:10:03] [Server thread/INFO]: System chat: The game is sprinting
[03:10:03] [Server thread/INFO]: System chat: Sprint completed with 1012 ticks per second, or 0.99 ms per tick
[03:10:03] [Server thread/INFO]: [Not Secure] [Server] CHECK S1 engine
[03:10:04] [Server thread/INFO]: System chat: 1, 202, 12 has the following block data: {Speed: -96.0f, components: {}, Tanks: [{Speed: 0.25f, Target: 1.0f, Value: 1.0f, TankContent: {amount: 81000, components: {"create:fluid_max_capacity": 81000}, id: "createdieselgenerators:diesel"}}], Network: {Capacity: 6144.0f, Size: 5, AddedCapacity: 64.0f, Id: 274877956298L, Stress: 0.0f}, x: 1, AnalogSignal: 0, y: 202, ScrollValue: 0, z: 12, id: "createdieselgenerators:diesel_engine_tile_entity", Upgrade: "createdieselgenerators:none"}
[03:10:04] [Server thread/INFO]: [Not Secure] [Server] CHECK S2 engine
[03:10:04] [Server thread/INFO]: System chat: 9, 201, 11 has the following block data: {Speed: 192.0f, components: {}, Network: {Capacity: 36864.0f, Size: 3, AddedCapacity: 192.0f, Id: 2473901207753L, Stress: 0.0f}, x: 9, AnalogSignal: 0, y: 201, ScrollValue: 0, Height: 3, z: 11, id: "createdieselgenerators:large_diesel_engine_tile_entity", TankContent: {Fluid: {amount: 81000, components: {"create:fluid_max_capacity": 81000}, id: "createdieselgenerators:gasoline"}}, Upgrade: "createdieselgenerators:turbocharger"}
[03:10:04] [Server thread/INFO]: [Not Secure] [Server] CHECK S2 engine b
[03:10:05] [Server thread/INFO]: System chat: 9, 201, 12 has the following block data: {Speed: 192.0f, components: {}, Network: {Capacity: 36864.0f, Size: 3, Id: 2473901207753L, Stress: 0.0f}, x: 9, y: 201, ScrollValue: 0, z: 12, id: "createdieselgenerators:large_diesel_engine_tile_entity", Controller: [I; 9, 201, 11], Source: [I; 9, 201, 11]}
[03:10:05] [Server thread/INFO]: [Not Secure] [Server] CHECK S3 engine
[03:10:05] [Server thread/INFO]: System chat: 16, 201, 10 has the following block data: {components: {}, Tanks: [{Speed: 0.25f, Target: 1.0f, Value: 1.0f, TankContent: {amount: 8100, components: {"create:fluid_max_capacity": 8100}, id: "createdieselgenerators:biodiesel"}}], OverStressed: 0b, x: 16, AnalogSignal: 0, y: 201, ScrollValue: 0, z: 10, id: "createdieselgenerators:huge_diesel_engine_block_entity", Upgrade: "createdieselgenerators:none"}
[03:10:06] [Server thread/INFO]: [Not Secure] [Server] CHECK S3 shaft
[03:10:06] [Server thread/INFO]: System chat: 16, 201, 12 has the following block data: {Speed: 224.0f, components: {}, LastKnownPos: [I; 16, 201, 12], GeneratedSpeed: 224.0f, Network: {Capacity: 73728.0f, Size: 3, AddedCapacity: 109.71429f, Id: 4947802374345L, Stress: 0.0f}, x: 16, y: 201, z: 12, id: "createdieselgenerators:powered_engine_shaft_block_entity", Direction: 1, Source: [I; 17, 201, 12], Engines: [{Speed: 224.0f, Capacity: 54.857143f, Pos: [I; 16, 201, 14]}, {Speed: 224.0f, Capacity: 54.857143f, Pos: [I; 16, 201, 10]}]}
[03:10:06] [Server thread/INFO]: [Not Secure] [Server] CHECK S4 hole
[03:10:07] [Server thread/INFO]: System chat: 28, 202, 8 has the following block data: {Started: 1b, components: {}, OilAmount: 2147483647, Tanks: [{Speed: 0.25f, Target: 1.0f, Value: 1.0f, TankContent: {amount: 648000, components: {"create:fluid_max_capacity": 648000}, id: "createdieselgenerators:crude_oil"}}], x: 28, y: 202, z: 8, id: "createdieselgenerators:pumpjack_hole_block_entity"}
[03:10:07] [Server thread/INFO]: [Not Secure] [Server] CHECK S4 crank
[03:10:07] [Server thread/INFO]: System chat: 28, 202, 16 has the following block data: {Speed: -16.0f, components: {}, BackPosX: 4.0d, Source: [I; 28, 202, 17], BackPosZ: 0.0d, BackPosY: 0.0d, Angle: 236.80032f, Network: {Capacity: 262144.0f, Size: 2, AddedStress: 16.0f, Id: 7696581464266L, Stress: 256.0f}, x: 28, y: 202, ScrollValue: 0, z: 16, id: "createdieselgenerators:pumpjack_crank_block_entity"}
[03:10:07] [Server thread/INFO]: [Not Secure] [Server] CHECK S5b tank 1
[03:10:08] [Server thread/INFO]: System chat: 42, 201, 10 has the following block data: {Window: 0b, Progress: 60, components: {}, Size: 1, ProcessingDuration: 60, Luminosity: 0, LastKnownPos: [I; 42, 201, 10], TanksFull: 1b, x: 42, y: 201, Height: 1, z: 10, id: "createdieselgenerators:distillation_tank_block_entity", TankContent: {Fluid: {amount: 648000, components: {"create:fluid_max_capacity": 648000}, id: "createdieselgenerators:crude_oil"}}}
[03:10:08] [Server thread/INFO]: [Not Secure] [Server] CHECK S5b tank 2
[03:10:08] [Server thread/INFO]: System chat: 42, 202, 10 has the following block data: {Window: 0b, Progress: -1, components: {}, Size: 1, ProcessingDuration: 0, Luminosity: 0, LastKnownPos: [I; 42, 202, 10], x: 42, y: 202, Height: 1, z: 10, id: "createdieselgenerators:distillation_tank_block_entity", TankContent: {Fluid: {amount: 648000, components: {"create:fluid_max_capacity": 648000}, id: "createdieselgenerators:diesel"}}}
[03:10:09] [Server thread/INFO]: [Not Secure] [Server] CHECK S5b tank 3
[03:10:09] [Server thread/INFO]: System chat: 42, 203, 10 has the following block data: {Window: 0b, Progress: -1, components: {}, Size: 1, ProcessingDuration: 0, Luminosity: 0, LastKnownPos: [I; 42, 203, 10], x: 42, y: 203, Height: 1, z: 10, id: "createdieselgenerators:distillation_tank_block_entity", TankContent: {Fluid: {amount: 648000, components: {"create:fluid_max_capacity": 648000}, id: "createdieselgenerators:gasoline"}}}
[03:10:09] [Server thread/INFO]: [Not Secure] [Server] CHECK S6 fermenter
[03:10:10] [Server thread/INFO]: System chat: 48, 200, 10 has the following block data: {components: {}, Size: 2, ProcessingDuration: 400, Heat: 0, LastKnownPos: [I; 48, 200, 10], ProcessingTime: -1, x: 48, y: 200, Height: 1, z: 10, id: "createdieselgenerators:bulk_fermenter", TankContent: {Tanks: [{Fluid: {amount: 324000, components: {"create:fluid_max_capacity": 324000}, id: "createdieselgenerators:ethanol"}}, {}, {}, {}, {}, {}]}, Inventory: []}
[03:10:10] [Server thread/INFO]: [Not Secure] [Server] CHECK S7 basin
[03:10:10] [Server thread/INFO]: System chat: 54, 200, 10 has the following block data: {components: {}, FilterAmount: 64, InputTanks: [{Speed: 0.25f, Target: 0.0f, Value: 0.0f, TankContent: {}}, {Speed: 0.25f, Target: 0.0f, Value: 0.0f, TankContent: {}}], OutputTanks: [{Speed: 0.25f, Target: 0.8f, Value: 0.8f, TankContent: {amount: 64800, components: {"create:fluid_max_capacity": 81000}, id: "createdieselgenerators:ethanol"}}, {Speed: 0.25f, Target: 0.0f, Value: 0.0f, TankContent: {}}], Overflow: [], Filter: {}, DisabledSpoutput: [], x: 54, y: 200, z: 10, id: "create:basin", UpTo: 1b, Inventory: {Input: [], Output: []}, FluidOverflow: []}
[03:10:11] [Server thread/INFO]: [Not Secure] [Server] CHECK S7 lid
[03:10:11] [Server thread/INFO]: System chat: 54, 201, 10 has the following block data: {Speed: 0.0f, components: {}, ProcessingTime: -1, ProcessingDuration: 400, SteamInside: 1b, Running: 0b, x: 54, NeedsUpdate: 1b, y: 201, z: 10, id: "createdieselgenerators:basin_lid_tile_entity"}
[03:10:11] [Server thread/INFO]: [Not Secure] [Server] CHECK S8 basin
[03:10:11] [Server thread/INFO]: System chat: 58, 200, 10 has the following block data: {components: {}, FilterAmount: 64, InputTanks: [{Speed: 0.25f, Target: 0.0f, Value: 0.0f, TankContent: {}}, {Speed: 0.25f, Target: 0.0f, Value: 0.0f, TankContent: {}}], OutputTanks: [{Speed: 0.25f, Target: 1.0f, Value: 1.0f, TankContent: {amount: 81000, components: {"create:fluid_max_capacity": 81000}, id: "createdieselgenerators:plant_oil"}}, {Speed: 0.25f, Target: 0.0f, Value: 0.0f, TankContent: {}}], Overflow: [], Filter: {}, DisabledSpoutput: [], x: 58, y: 200, z: 10, id: "create:basin", UpTo: 1b, Inventory: {Input: [{count: 6, id: "minecraft:wheat_seeds"}], Output: []}, FluidOverflow: []}
[03:10:12] [Server thread/INFO]: [Not Secure] [Server] CHECK S9 canister
[03:10:12] [Server thread/INFO]: System chat: 62, 200, 10 has the following block data: {Components: {}, components: {}, x: 62, y: 200, CapacityEnchantment: 1, z: 10, id: "createdieselgenerators:canister_block_entity", Tank: {}}
[03:10:12] [Server thread/INFO]: [Not Secure] [Server] CHECK S10 basin
[03:10:13] [Server thread/INFO]: System chat: 66, 200, 10 has the following block data: {components: {}, FilterAmount: 64, InputTanks: [{Speed: 0.25f, Target: 0.0f, Value: 0.0f, TankContent: {}}, {Speed: 0.25f, Target: 0.0f, Value: 0.0f, TankContent: {}}], OutputTanks: [{Speed: 0.25f, Target: 0.0f, Value: 0.0f, TankContent: {}}, {Speed: 0.25f, Target: 0.0f, Value: 0.0f, TankContent: {}}], Overflow: [], Filter: {}, DisabledSpoutput: [], x: 66, y: 200, z: 10, id: "create:basin", UpTo: 1b, Inventory: {Input: [{components: {"createdieselgenerators:mold_type": "createdieselgenerators:bowl"}, count: 1, id: "createdieselgenerators:mold"}], Output: [{count: 2, id: "minecraft:bowl"}]}, FluidOverflow: []}
[03:10:13] [Server thread/INFO]: [Not Secure] [Server] CHECK S11 basin
[03:10:13] [Server thread/INFO]: System chat: 70, 200, 10 has the following block data: {components: {}, FilterAmount: 64, InputTanks: [{Speed: 0.25f, Target: 0.0f, Value: 0.0f, TankContent: {}}, {Speed: 0.25f, Target: 0.0f, Value: 0.0f, TankContent: {}}], OutputTanks: [{Speed: 0.25f, Target: 0.0f, Value: 0.0f, TankContent: {}}, {Speed: 0.25f, Target: 0.0f, Value: 0.0f, TankContent: {}}], Overflow: [], Filter: {}, DisabledSpoutput: [], x: 70, y: 200, z: 10, id: "create:basin", UpTo: 1b, Inventory: {Input: [{components: {"createdieselgenerators:mold_type": "createdieselgenerators:bar"}, count: 1, id: "createdieselgenerators:mold"}], Output: [{count: 4, id: "create:bar_of_chocolate"}]}, FluidOverflow: []}
[03:10:14] [Server thread/INFO]: [Not Secure] [Server] CHECK S12 barrel
[03:10:14] [Server thread/INFO]: System chat: 75, 200, 10 has the following block data: {components: {}, LastKnownPos: [I; 75, 200, 10], Size: 2, x: 75, y: 200, Height: 2, z: 10, id: "createdieselgenerators:oil_barrel_block_entity", TankContent: {Fluid: {amount: 5184000, components: {"create:fluid_max_capacity": 5184000}, id: "createdieselgenerators:diesel"}}}
[03:10:14] [Server thread/INFO]: [Not Secure] [Server] CHECK S13 turret
[03:10:14] [Server thread/INFO]: System chat: 82, 202, 10 has the following block data: {Speed: -16.0f, HorizontalRotation: 0.0f, components: {}, Tanks: [{Speed: 0.25f, Target: 1.0f, Value: 1.0f, TankContent: {amount: 81000, components: {"create:fluid_max_capacity": 81000}, id: "createdieselgenerators:gasoline"}}], FilterAmount: 64, LighterUpgrade: 0b, Source: [I; 83, 202, 10], Filter: {}, Network: {Capacity: 262144.0f, Size: 5, Id: 22814866317512L, Stress: 192.0f}, x: 82, y: 202, z: 10, id: "createdieselgenerators:chemical_turret", VerticalRotation: 0.0f, RedstoneSignal: 0, UpTo: 1b}
[03:10:15] [Server thread/INFO]: [Not Secure] [Server] CHECK S14 burner
[03:10:15] [Server thread/INFO]: System chat: 88, 200, 10 has the following block data: {Speed: 0.0f, Heat: 0.6f, components: {}, ValveState: 0.2f, RedstonePower: 0, RedstoneOutput: 3b, x: 88, FluidContent: {Fluid: {amount: 8100, components: {"create:fluid_max_capacity": 8100}, id: "createdieselgenerators:biodiesel"}}, y: 200, Tick: 11224, z: 10, id: "createdieselgenerators:burner"}
[03:10:15] [Server thread/INFO]: [Not Secure] [Server] CHECK S15 furnace
[03:10:16] [Server thread/INFO]: System chat: 94, 200, 10 has the following block data: {lit_total_time: 200, components: {}, cooking_time_spent: 0, speed_multiplier: 1.0f, x: 94, y: 200, cooking_total_time: 200, Items: [{count: 1, Slot: 1b, id: "createdieselgenerators:wood_chip"}, {count: 1, Slot: 2b, id: "minecraft:iron_ingot"}], z: 10, id: "minecraft:furnace", lit_time_remaining: 0, RecipesUsed: {"minecraft:iron_ingot_from_smelting_raw_iron": 1}}
[03:10:16] [Server thread/INFO]: [Not Secure] [Server] CHECK restart oil
[03:10:16] [Server thread/INFO]: System chat: This oil chunk is infinite.
[03:10:27] [Server thread/INFO]: System chat: Stopping the server
[03:10:27] [Server thread/INFO]: Stopping server
[03:10:27] [Server thread/INFO]: Saving players
[03:10:27] [Server thread/INFO]: Saving worlds
[03:10:27] [Server thread/INFO]: Saving chunks for level 'ServerLevel[world]'/minecraft:overworld
[03:10:27] [Server thread/INFO]: Saving chunks for level 'ServerLevel[world]'/minecraft:the_end
[03:10:27] [Server thread/INFO]: Saving chunks for level 'ServerLevel[world]'/minecraft:the_nether
EXIT 0
